\BOOKMARK [0][-]{chapter*.2}{\376\377\000I\000n\000t\000r\000o\000d\000u\000c\000t\000i\000o\000n\000\040\000G\000\351\000n\000\351\000r\000a\000l\000e}{}% 1
\BOOKMARK [0][-]{chapter.1}{\376\377\000C\000a\000d\000r\000e\000\040\000g\000\351\000n\000\351\000r\000a\000l\000\040\000d\000u\000\040\000p\000r\000o\000j\000e\000t}{}% 2
\BOOKMARK [1][-]{section*.3}{\376\377\000I\000n\000t\000r\000o\000d\000u\000c\000t\000i\000o\000n}{chapter.1}% 3
\BOOKMARK [1][-]{section.1.1}{\376\377\000C\000a\000d\000r\000e\000\040\000d\000u\000\040\000p\000r\000o\000j\000e\000t}{chapter.1}% 4
\BOOKMARK [2][-]{subsection.1.1.1}{\376\377\000P\000r\000\351\000s\000e\000n\000t\000a\000t\000i\000o\000n\000\040\000d\000e\000\040\000l\000'\000o\000r\000g\000a\000n\000i\000s\000m\000e\000\040\000d\000'\000a\000c\000c\000u\000e\000i\000l}{section.1.1}% 5
\BOOKMARK [1][-]{section.1.2}{\376\377\000\311\000t\000u\000d\000e\000\040\000d\000e\000\040\000l\000'\000e\000x\000i\000s\000t\000a\000n\000t}{chapter.1}% 6
\BOOKMARK [2][-]{subsection.1.2.1}{\376\377\000D\000e\000s\000c\000r\000i\000p\000t\000i\000o\000n\000\040\000d\000e\000\040\000l\000'\000e\000x\000i\000s\000t\000a\000n\000t}{section.1.2}% 7
\BOOKMARK [2][-]{subsection.1.2.2}{\376\377\000C\000r\000i\000t\000i\000q\000u\000e\000\040\000d\000e\000\040\000l\000'\000e\000x\000i\000s\000t\000a\000n\000t}{section.1.2}% 8
\BOOKMARK [2][-]{subsection.1.2.3}{\376\377\000S\000y\000n\000t\000h\000\350\000s\000e\000\040\000d\000e\000s\000\040\000l\000i\000m\000i\000t\000a\000t\000i\000o\000n\000s}{section.1.2}% 9
\BOOKMARK [1][-]{section.1.3}{\376\377\000S\000o\000l\000u\000t\000i\000o\000n\000\040\000p\000r\000o\000p\000o\000s\000\351\000e}{chapter.1}% 10
\BOOKMARK [1][-]{section.1.4}{\376\377\000M\000\351\000t\000h\000o\000d\000o\000l\000o\000g\000i\000e\000\040\000u\000t\000i\000l\000i\000s\000\351\000e}{chapter.1}% 11
\BOOKMARK [2][-]{subsection.1.4.1}{\376\377\000P\000o\000u\000r\000q\000u\000o\000i\000\040\000S\000c\000r\000u\000m\000\040\000?}{section.1.4}% 12
\BOOKMARK [1][-]{section.1.5}{\376\377\000L\000a\000n\000g\000a\000g\000e\000\040\000d\000e\000\040\000m\000o\000d\000\351\000l\000i\000s\000a\000t\000i\000o\000n\000\040\000U\000M\000L}{chapter.1}% 13
\BOOKMARK [1][-]{section.1.6}{\376\377\000C\000h\000o\000i\000x\000\040\000t\000e\000c\000h\000n\000o\000l\000o\000g\000i\000q\000u\000e\000s\000\040\000a\000d\000o\000p\000t\000\351\000s}{chapter.1}% 14
\BOOKMARK [2][-]{subsection.1.6.1}{\376\377\000E\000n\000v\000i\000r\000o\000n\000n\000e\000m\000e\000n\000t\000\040\000m\000a\000t\000\351\000r\000i\000e\000l}{section.1.6}% 15
\BOOKMARK [2][-]{subsection.1.6.2}{\376\377\000C\000h\000o\000i\000x\000\040\000t\000e\000c\000h\000n\000o\000l\000o\000g\000i\000q\000u\000e\000s}{section.1.6}% 16
\BOOKMARK [1][-]{section*.40}{\376\377\000C\000o\000n\000c\000l\000u\000s\000i\000o\000n}{chapter.1}% 17
\BOOKMARK [0][-]{chapter.2}{\376\377\000\311\000t\000a\000t\000\040\000d\000e\000\040\000l\000'\000a\000r\000t}{}% 18
\BOOKMARK [1][-]{section*.41}{\376\377\000I\000n\000t\000r\000o\000d\000u\000c\000t\000i\000o\000n}{chapter.2}% 19
\BOOKMARK [1][-]{section.2.1}{\376\377\000I\000n\000t\000e\000l\000l\000i\000g\000e\000n\000c\000e\000\040\000A\000r\000t\000i\000f\000i\000c\000i\000e\000l\000l\000e}{chapter.2}% 20
\BOOKMARK [2][-]{subsection.2.1.1}{\376\377\000D\000\351\000f\000i\000n\000i\000t\000i\000o\000n}{section.2.1}% 21
\BOOKMARK [2][-]{subsection.2.1.2}{\376\377\000A\000p\000p\000r\000e\000n\000t\000i\000s\000s\000a\000g\000e\000\040\000A\000u\000t\000o\000m\000a\000t\000i\000q\000u\000e\000\040\000\050\000M\000a\000c\000h\000i\000n\000e\000\040\000L\000e\000a\000r\000n\000i\000n\000g\000\051}{section.2.1}% 22
\BOOKMARK [2][-]{subsection.2.1.3}{\376\377\000A\000p\000p\000r\000e\000n\000t\000i\000s\000s\000a\000g\000e\000\040\000p\000r\000o\000f\000o\000n\000d\000\040\000\050\000D\000e\000e\000p\000\040\000L\000e\000a\000r\000n\000i\000n\000g\000\051}{section.2.1}% 23
\BOOKMARK [1][-]{section.2.2}{\376\377\000T\000r\000a\000i\000t\000e\000m\000e\000n\000t\000\040\000A\000u\000t\000o\000m\000a\000t\000i\000q\000u\000e\000\040\000d\000e\000s\000\040\000L\000a\000n\000g\000u\000e\000s\000\040\000\050\000T\000A\000L\000\051}{chapter.2}% 24
\BOOKMARK [2][-]{subsection.2.2.1}{\376\377\000D\000\351\000f\000i\000n\000i\000t\000i\000o\000n}{section.2.2}% 25
\BOOKMARK [2][-]{subsection.2.2.2}{\376\377\000T\000\342\000c\000h\000e\000s\000\040\000p\000r\000i\000n\000c\000i\000p\000a\000l\000e\000s\000\040\000d\000u\000\040\000T\000A\000L}{section.2.2}% 26
\BOOKMARK [1][-]{section.2.3}{\376\377\000T\000e\000c\000h\000n\000o\000l\000o\000g\000i\000e\000s\000\040\000s\000p\000\351\000c\000i\000f\000i\000q\000u\000e\000s\000\040\000a\000u\000\040\000p\000r\000o\000j\000e\000t}{chapter.2}% 27
\BOOKMARK [2][-]{subsection.2.3.1}{\376\377\000O\000C\000R\000\040\000\050\000O\000p\000t\000i\000c\000a\000l\000\040\000C\000h\000a\000r\000a\000c\000t\000e\000r\000\040\000R\000e\000c\000o\000g\000n\000i\000t\000i\000o\000n\000\051}{section.2.3}% 28
\BOOKMARK [2][-]{subsection.2.3.2}{\376\377\000L\000L\000M\000\040\000\050\000L\000a\000r\000g\000e\000\040\000L\000a\000n\000g\000u\000a\000g\000e\000\040\000M\000o\000d\000e\000l\000s\000\051}{section.2.3}% 29
\BOOKMARK [2][-]{subsection.2.3.3}{\376\377\000F\000A\000I\000S\000S\000\040\000\050\000F\000a\000c\000e\000b\000o\000o\000k\000\040\000A\000I\000\040\000S\000i\000m\000i\000l\000a\000r\000i\000t\000y\000\040\000S\000e\000a\000r\000c\000h\000\051}{section.2.3}% 30
\BOOKMARK [2][-]{subsection.2.3.4}{\376\377\000S\000e\000n\000t\000e\000n\000c\000e\000T\000r\000a\000n\000s\000f\000o\000r\000m\000e\000r}{section.2.3}% 31
\BOOKMARK [2][-]{subsection.2.3.5}{\376\377\000I\000s\000o\000l\000a\000t\000i\000o\000n\000\040\000F\000o\000r\000e\000s\000t}{section.2.3}% 32
\BOOKMARK [2][-]{subsection.2.3.6}{\376\377\000W\000o\000r\000d\000\040\000E\000m\000b\000e\000d\000d\000i\000n\000g}{section.2.3}% 33
\BOOKMARK [2][-]{subsection.2.3.7}{\376\377\000R\000N\000N\000\040\000e\000t\000\040\000L\000S\000T\000M}{section.2.3}% 34
\BOOKMARK [2][-]{subsection.2.3.8}{\376\377\000T\000r\000a\000n\000s\000f\000o\000r\000m\000e\000r\000s\000\040\000e\000t\000\040\000B\000E\000R\000T}{section.2.3}% 35
\BOOKMARK [1][-]{section.2.4}{\376\377\000M\000\351\000t\000h\000o\000d\000o\000l\000o\000g\000i\000e\000s\000\040\000d\000e\000\040\000g\000e\000s\000t\000i\000o\000n\000\040\000d\000e\000\040\000p\000r\000o\000j\000e\000t\000s\000\040\000D\000a\000t\000a\000\040\000S\000c\000i\000e\000n\000c\000e}{chapter.2}% 36
\BOOKMARK [2][-]{subsection.2.4.1}{\376\377\000K\000D\000D\000\040\000\050\000K\000n\000o\000w\000l\000e\000d\000g\000e\000\040\000D\000i\000s\000c\000o\000v\000e\000r\000y\000\040\000i\000n\000\040\000D\000a\000t\000a\000b\000a\000s\000e\000s\000\051}{section.2.4}% 37
\BOOKMARK [2][-]{subsection.2.4.2}{\376\377\000C\000R\000I\000S\000P\000-\000D\000M\000\040\000\050\000C\000r\000o\000s\000s\000-\000I\000n\000d\000u\000s\000t\000r\000y\000\040\000S\000t\000a\000n\000d\000a\000r\000d\000\040\000P\000r\000o\000c\000e\000s\000s\000\040\000f\000o\000r\000\040\000D\000a\000t\000a\000\040\000M\000i\000n\000i\000n\000g\000\051}{section.2.4}% 38
\BOOKMARK [2][-]{subsection.2.4.3}{\376\377\000S\000E\000M\000M\000A}{section.2.4}% 39
\BOOKMARK [1][-]{section.2.5}{\376\377\000L\000'\000A\000p\000p\000r\000e\000n\000t\000i\000s\000s\000a\000g\000e\000\040\000p\000a\000r\000\040\000T\000r\000a\000n\000s\000f\000e\000r\000t\000\040\000\050\000T\000r\000a\000n\000s\000f\000e\000r\000\040\000L\000e\000a\000r\000n\000i\000n\000g\000\051}{chapter.2}% 40
\BOOKMARK [1][-]{section.2.6}{\376\377\000W\000e\000b\000\040\000S\000c\000r\000a\000p\000i\000n\000g}{chapter.2}% 41
\BOOKMARK [2][-]{subsection.2.6.1}{\376\377\000D\000\351\000f\000i\000n\000i\000t\000i\000o\000n}{section.2.6}% 42
\BOOKMARK [2][-]{subsection.2.6.2}{\376\377\000\311\000t\000a\000p\000e\000s\000\040\000d\000u\000\040\000w\000e\000b\000\040\000s\000c\000r\000a\000p\000i\000n\000g}{section.2.6}% 43
\BOOKMARK [2][-]{subsection.2.6.3}{\376\377\000O\000u\000t\000i\000l\000s\000\040\000u\000t\000i\000l\000i\000s\000\351\000s}{section.2.6}% 44
\BOOKMARK [1][-]{section.2.7}{\376\377\000A\000n\000n\000o\000t\000a\000t\000i\000o\000n\000\040\000d\000e\000s\000\040\000d\000o\000n\000n\000\351\000e\000s}{chapter.2}% 45
\BOOKMARK [2][-]{subsection.2.7.1}{\376\377\000A\000n\000n\000o\000t\000a\000t\000i\000o\000n\000\040\000m\000a\000n\000u\000e\000l\000l\000e}{section.2.7}% 46
\BOOKMARK [2][-]{subsection.2.7.2}{\376\377\000A\000n\000n\000o\000t\000a\000t\000i\000o\000n\000\040\000a\000u\000t\000o\000m\000a\000t\000i\000q\000u\000e}{section.2.7}% 47
\BOOKMARK [1][-]{section.2.8}{\376\377\000C\000o\000n\000c\000l\000u\000s\000i\000o\000n}{chapter.2}% 48
\BOOKMARK [0][-]{chapter.3}{\376\377\000A\000n\000a\000l\000y\000s\000e\000\040\000e\000t\000\040\000s\000p\000\351\000c\000i\000f\000i\000c\000a\000t\000i\000o\000n\000\040\000d\000e\000s\000\040\000b\000e\000s\000o\000i\000n\000s}{}% 49
\BOOKMARK [1][-]{section*.58}{\376\377\000I\000n\000t\000r\000o\000d\000u\000c\000t\000i\000o\000n}{chapter.3}% 50
\BOOKMARK [1][-]{section.3.1}{\376\377\000S\000p\000\351\000c\000i\000f\000i\000c\000a\000t\000i\000o\000n\000\040\000d\000e\000s\000\040\000b\000e\000s\000o\000i\000n\000s}{chapter.3}% 51
\BOOKMARK [2][-]{subsection.3.1.1}{\376\377\000I\000d\000e\000n\000t\000i\000f\000i\000c\000a\000t\000i\000o\000n\000\040\000d\000e\000s\000\040\000a\000c\000t\000e\000u\000r\000s}{section.3.1}% 52
\BOOKMARK [2][-]{subsection.3.1.2}{\376\377\000B\000e\000s\000o\000i\000n\000s\000\040\000F\000o\000n\000c\000t\000i\000o\000n\000n\000e\000l\000s}{section.3.1}% 53
\BOOKMARK [2][-]{subsection.3.1.3}{\376\377\000B\000e\000s\000o\000i\000n\000s\000\040\000N\000o\000n\000\040\000F\000o\000n\000c\000t\000i\000o\000n\000n\000e\000l\000s}{section.3.1}% 54
\BOOKMARK [1][-]{section.3.2}{\376\377\000P\000r\000o\000d\000u\000c\000t\000\040\000B\000a\000c\000k\000l\000o\000g}{chapter.3}% 55
\BOOKMARK [2][-]{subsection.3.2.1}{\376\377\000B\000a\000c\000k\000l\000o\000g\000\040\000d\000e\000\040\000P\000r\000o\000d\000u\000i\000t}{section.3.2}% 56
\BOOKMARK [2][-]{subsection.3.2.2}{\376\377\000P\000l\000a\000n\000i\000f\000i\000c\000a\000t\000i\000o\000n\000\040\000d\000e\000s\000\040\000S\000p\000r\000i\000n\000t\000s}{section.3.2}% 57
\BOOKMARK [2][-]{subsection.3.2.3}{\376\377\000C\000r\000i\000t\000\350\000r\000e\000s\000\040\000d\040\031\000a\000c\000c\000e\000p\000t\000a\000t\000i\000o\000n\000\040\000d\000e\000s\000\040\000U\000s\000e\000r\000\040\000S\000t\000o\000r\000i\000e\000s\000\040\000p\000r\000i\000o\000r\000i\000t\000a\000i\000r\000e\000s}{section.3.2}% 58
\BOOKMARK [1][-]{subsection.3.2.3}{\376\377\000C\000r\000i\000t\000\350\000r\000e\000s\000\040\000d\040\031\000a\000c\000c\000e\000p\000t\000a\000t\000i\000o\000n}{chapter.3}% 59
\BOOKMARK [1][-]{section*.61}{\376\377\000C\000o\000n\000c\000l\000u\000s\000i\000o\000n}{chapter.3}% 60
\BOOKMARK [0][-]{chapter.4}{\376\377\000S\000p\000r\000i\000n\000t\000\040\0001\000\040\000\253\000\040\000G\000e\000s\000t\000i\000o\000n\000\040\000d\000e\000s\000\040\000c\000o\000m\000p\000t\000e\000s\000,\000\040\000d\000\351\000p\000a\000r\000t\000e\000m\000e\000n\000t\000s\000,\000\040\000p\000r\000o\000j\000e\000t\000s\000\040\000e\000t\000\040\000c\000a\000t\000\351\000g\000o\000r\000i\000e\000s\000\273}{}% 61
\BOOKMARK [1][-]{section*.62}{\376\377\000I\000n\000t\000r\000o\000d\000u\000c\000t\000i\000o\000n}{chapter.4}% 62
\BOOKMARK [1][-]{section.4.1}{\376\377\000O\000b\000j\000e\000c\000t\000i\000f\000\040\000d\000u\000\040\000s\000p\000r\000i\000n\000t}{chapter.4}% 63
\BOOKMARK [1][-]{section.4.2}{\376\377\000B\000a\000c\000k\000l\000o\000g\000\040\000d\000u\000\040\000s\000p\000r\000i\000n\000t\000\040\0001}{chapter.4}% 64
\BOOKMARK [1][-]{section.4.3}{\376\377\000A\000n\000a\000l\000y\000s\000e}{chapter.4}% 65
\BOOKMARK [2][-]{subsection.4.3.1}{\376\377\000D\000i\000a\000g\000r\000a\000m\000m\000e\000\040\000d\000e\000\040\000c\000a\000s\000\040\000d\000'\000u\000t\000i\000l\000i\000s\000a\000t\000i\000o\000n\000\040\000g\000l\000o\000b\000a\000l\000\040\000d\000u\000\040\000s\000p\000r\000i\000n\000t\000\040\0001}{section.4.3}% 66
\BOOKMARK [2][-]{subsection.4.3.2}{\376\377\000R\000a\000f\000f\000i\000n\000e\000m\000e\000n\000t\000s\000\040\000d\000e\000s\000\040\000c\000a\000s\000\040\000d\000'\000u\000t\000i\000l\000i\000s\000a\000t\000i\000o\000n}{section.4.3}% 67
\BOOKMARK [1][-]{section.4.4}{\376\377\000C\000o\000n\000c\000e\000p\000t\000i\000o\000n}{chapter.4}% 68
\BOOKMARK [2][-]{subsection.4.4.1}{\376\377\000D\000i\000a\000g\000r\000a\000m\000m\000e\000\040\000d\000e\000\040\000s\000\351\000q\000u\000e\000n\000c\000e}{section.4.4}% 69
\BOOKMARK [2][-]{subsection.4.4.2}{\376\377\000D\000i\000a\000g\000r\000a\000m\000m\000e\000\040\000d\000e\000\040\000c\000l\000a\000s\000s\000e\000\040\000d\000u\000\040\000s\000p\000r\000i\000n\000t\000\040\0001}{section.4.4}% 70
\BOOKMARK [1][-]{section.4.5}{\376\377\000I\000n\000t\000e\000r\000f\000a\000c\000e\000s\000\040\000d\000\351\000v\000e\000l\000o\000p\000p\000\351\000e\000s}{chapter.4}% 71
\BOOKMARK [2][-]{subsection.4.5.1}{\376\377\000P\000a\000g\000e\000\040\000d\000'\000a\000c\000c\000u\000e\000i\000l}{section.4.5}% 72
\BOOKMARK [2][-]{subsection.4.5.2}{\376\377\000I\000n\000t\000e\000r\000f\000a\000c\000e\000\040\000d\000'\000a\000u\000t\000h\000e\000n\000t\000i\000f\000i\000c\000a\000t\000i\000o\000n}{section.4.5}% 73
\BOOKMARK [2][-]{subsection.4.5.3}{\376\377\000I\000n\000t\000e\000r\000f\000a\000c\000e\000\040\000d\000e\000\040\000r\000\351\000c\000u\000p\000\351\000r\000a\000t\000i\000o\000n\000\040\000d\000e\000\040\000m\000o\000t\000\040\000d\000e\000\040\000p\000a\000s\000s\000e}{section.4.5}% 74
\BOOKMARK [2][-]{subsection.4.5.4}{\376\377\000I\000n\000t\000e\000r\000f\000a\000c\000e\000\040\000d\000e\000\040\000c\000r\000\351\000a\000t\000i\000o\000n\000/\000m\000i\000s\000e\000\040\000\340\000\040\000j\000o\000u\000r\000\040\000d\000u\000\040\000m\000o\000t\000\040\000d\000e\000\040\000p\000a\000s\000s\000e}{section.4.5}% 75
\BOOKMARK [2][-]{subsection.4.5.5}{\376\377\000I\000n\000t\000e\000r\000f\000a\000c\000e\000\040\000d\000e\000\040\000m\000i\000s\000e\000\040\000\340\000\040\000j\000o\000u\000r\000\040\000d\000u\000\040\000p\000r\000o\000f\000i\000l\000\040\000u\000t\000i\000l\000i\000s\000a\000t\000e\000u\000r}{section.4.5}% 76
\BOOKMARK [2][-]{subsection.4.5.6}{\376\377\000M\000o\000d\000a\000l\000\040\000d\000e\000\040\000c\000o\000n\000f\000i\000r\000m\000a\000t\000i\000o\000n\000\040\000d\000e\000\040\000d\000\351\000c\000o\000n\000n\000e\000x\000i\000o\000n}{section.4.5}% 77
\BOOKMARK [2][-]{subsection.4.5.7}{\376\377\000G\000e\000s\000t\000i\000o\000n\000\040\000d\000e\000s\000\040\000u\000t\000i\000l\000i\000s\000a\000t\000e\000u\000r\000s\000\040\000p\000a\000r\000\040\000l\000'\000a\000d\000m\000i\000n\000i\000s\000t\000r\000a\000t\000e\000u\000r}{section.4.5}% 78
\BOOKMARK [2][-]{subsection.4.5.8}{\376\377\000G\000e\000s\000t\000i\000o\000n\000\040\000d\000e\000s\000\040\000p\000r\000o\000f\000i\000l\000s}{section.4.5}% 79
\BOOKMARK [2][-]{subsection.4.5.9}{\376\377\000G\000e\000s\000t\000i\000o\000n\000\040\000d\000e\000s\000\040\000d\000\351\000p\000a\000r\000t\000e\000m\000e\000n\000t\000s\000\040}{section.4.5}% 80
\BOOKMARK [2][-]{subsection.4.5.10}{\376\377\000G\000e\000s\000t\000i\000o\000n\000\040\000d\000e\000s\000\040\000p\000r\000o\000j\000e\000t\000s\000\040}{section.4.5}% 81
\BOOKMARK [2][-]{subsection.4.5.11}{\376\377\000G\000e\000s\000t\000i\000o\000n\000\040\000d\000e\000s\000\040\000c\000a\000t\000\351\000g\000o\000r\000i\000e\000s\000\040\000d\000e\000\040\000d\000\351\000p\000e\000n\000s\000e\000s}{section.4.5}% 82
\BOOKMARK [1][-]{section*.123}{\376\377\000C\000o\000n\000c\000l\000u\000s\000i\000o\000n}{chapter.4}% 83
\BOOKMARK [0][-]{chapter.5}{\376\377\000S\000p\000r\000i\000n\000t\000\040\0002\000\040\000\253\000\040\000G\000e\000s\000t\000i\000o\000n\000\040\000d\000e\000s\000\040\000n\000o\000t\000e\000s\000\040\000d\000e\000\040\000f\000r\000a\000i\000s\000\040\000\273}{}% 84
\BOOKMARK [1][-]{section*.124}{\376\377\000I\000n\000t\000r\000o\000d\000u\000c\000t\000i\000o\000n}{chapter.5}% 85
\BOOKMARK [1][-]{section.5.1}{\376\377\000O\000b\000j\000e\000c\000t\000i\000f\000\040\000d\000u\000\040\000s\000p\000r\000i\000n\000t}{chapter.5}% 86
\BOOKMARK [1][-]{section.5.2}{\376\377\000B\000a\000c\000k\000l\000o\000g\000\040\000d\000u\000\040\000s\000p\000r\000i\000n\000t\000\040\0002}{chapter.5}% 87
\BOOKMARK [1][-]{section.5.3}{\376\377\000A\000n\000a\000l\000y\000s\000e}{chapter.5}% 88
\BOOKMARK [2][-]{subsection.5.3.1}{\376\377\000D\000i\000a\000g\000r\000a\000m\000m\000e\000\040\000d\000e\000\040\000c\000a\000s\000\040\000d\000'\000u\000t\000i\000l\000i\000s\000a\000t\000i\000o\000n\000\040\000g\000l\000o\000b\000a\000l\000\040\000d\000u\000\040\000s\000p\000r\000i\000n\000t\000\040\0002}{section.5.3}% 89
\BOOKMARK [2][-]{subsection.5.3.2}{\376\377\000D\000e\000s\000c\000r\000i\000p\000t\000i\000o\000n\000s\000\040\000t\000e\000x\000t\000u\000e\000l\000l\000e\000s\000\040\000d\000e\000s\000\040\000c\000a\000s\000\040\000d\040\031\000u\000t\000i\000l\000i\000s\000a\000t\000i\000o\000n}{section.5.3}% 90
\BOOKMARK [1][-]{section.5.4}{\376\377\000C\000o\000n\000c\000e\000p\000t\000i\000o\000n}{chapter.5}% 91
\BOOKMARK [2][-]{subsection.5.4.1}{\376\377\000D\000i\000a\000g\000r\000a\000m\000m\000e\000s\000\040\000d\000e\000\040\000s\000\351\000q\000u\000e\000n\000c\000e}{section.5.4}% 92
\BOOKMARK [2][-]{subsection.5.4.2}{\376\377\000D\000i\000a\000g\000r\000a\000m\000m\000e\000\040\000d\000e\000\040\000c\000l\000a\000s\000s\000e\000s\000\040\000d\000u\000\040\000s\000p\000r\000i\000n\000t\000\040\0002}{section.5.4}% 93
\BOOKMARK [1][-]{section.5.5}{\376\377\000I\000n\000t\000e\000r\000f\000a\000c\000e\000s\000\040\000d\000\351\000v\000e\000l\000o\000p\000p\000\351\000e\000s}{chapter.5}% 94
\BOOKMARK [2][-]{subsection.5.5.1}{\376\377\000P\000a\000g\000e\000\040\000\253\000\040\000A\000j\000o\000u\000t\000e\000r\000\040\000u\000n\000e\000\040\000n\000o\000t\000e\000\040\000d\000e\000\040\000f\000r\000a\000i\000s\000\040\000\273\000\040}{section.5.5}% 95
\BOOKMARK [2][-]{subsection.5.5.2}{\376\377\000P\000a\000g\000e\000\040\000\253\000\040\000M\000e\000s\000\040\000n\000o\000t\000e\000s\000\040\000d\000e\000\040\000f\000r\000a\000i\000s\000\040\000\273}{section.5.5}% 96
\BOOKMARK [2][-]{subsection.5.5.3}{\376\377\000P\000a\000g\000e\000\040\000m\000a\000n\000a\000g\000e\000r\000\040\000\253\000\040\000D\000e\000m\000a\000n\000d\000e\000s\000\040\000\340\000\040\000v\000a\000l\000i\000d\000e\000r\000\040\000\273\000\040}{section.5.5}% 97
\BOOKMARK [2][-]{subsection.5.5.4}{\376\377\000I\000n\000t\000e\000r\000f\000a\000c\000e\000\040\000d\000e\000\040\000c\000o\000n\000s\000u\000l\000t\000a\000t\000i\000o\000n\000\040\000d\000e\000\040\000l\000a\000\040\000c\000o\000n\000s\000o\000m\000m\000a\000t\000i\000o\000n\000\040\000p\000a\000r\000\040\000e\000m\000p\000l\000o\000y\000\351}{section.5.5}% 98
\BOOKMARK [2][-]{subsection.5.5.5}{\376\377\000L\000i\000s\000t\000e\000\040\000d\000\351\000r\000o\000u\000l\000a\000n\000t\000e\000\040\000d\000e\000s\000\040\000n\000o\000t\000i\000f\000i\000c\000a\000t\000i\000o\000n\000s}{section.5.5}% 99
\BOOKMARK [1][-]{section*.154}{\376\377\000C\000o\000n\000c\000l\000u\000s\000i\000o\000n}{chapter.5}% 100
\BOOKMARK [0][-]{chapter.6}{\376\377\000S\000p\000r\000i\000n\000t\000\040\0003\000\040\000\253\000\040\000R\000e\000m\000b\000o\000u\000r\000s\000e\000m\000e\000n\000t\000\040\000e\000t\000\040\000d\000\351\000p\000l\000o\000i\000e\000m\000e\000n\000t\000\273}{}% 101
\BOOKMARK [1][-]{section*.155}{\376\377\000I\000n\000t\000r\000o\000d\000u\000c\000t\000i\000o\000n}{chapter.6}% 102
\BOOKMARK [1][-]{section.6.1}{\376\377\000O\000b\000j\000e\000c\000t\000i\000f\000\040\000d\000u\000\040\000s\000p\000r\000i\000n\000t}{chapter.6}% 103
\BOOKMARK [1][-]{section.6.2}{\376\377\000B\000a\000c\000k\000l\000o\000g\000\040\000d\000u\000\040\000s\000p\000r\000i\000n\000t\000\040\0003}{chapter.6}% 104
\BOOKMARK [2][-]{subsection.6.2.1}{\376\377\000D\000\351\000c\000o\000m\000p\000o\000s\000i\000t\000i\000o\000n\000\040\000d\000u\000\040\000s\000p\000r\000i\000n\000t\000\040\0003}{section.6.2}% 105
\BOOKMARK [1][-]{section.6.3}{\376\377\000A\000n\000a\000l\000y\000s\000e}{chapter.6}% 106
\BOOKMARK [2][-]{subsection.6.3.1}{\376\377\000D\000i\000a\000g\000r\000a\000m\000m\000e\000\040\000d\000e\000\040\000c\000a\000s\000\040\000d\000'\000u\000t\000i\000l\000i\000s\000a\000t\000i\000o\000n\000\040\000g\000l\000o\000b\000a\000l\000\040\000d\000u\000\040\000s\000p\000r\000i\000n\000t\000\040\0003}{section.6.3}% 107
\BOOKMARK [2][-]{subsection.6.3.2}{\376\377\000D\000e\000s\000c\000r\000i\000p\000t\000i\000o\000n\000s\000\040\000t\000e\000x\000t\000u\000e\000l\000l\000e\000s\000\040\000d\000e\000s\000\040\000c\000a\000s\000\040\000d\000'\000u\000t\000i\000l\000i\000s\000a\000t\000i\000o\000n}{section.6.3}% 108
\BOOKMARK [2][-]{subsection.6.3.3}{\376\377\000D\000i\000a\000g\000r\000a\000m\000m\000e\000s\000\040\000d\000e\000\040\000s\000\351\000q\000u\000e\000n\000c\000e}{section.6.3}% 109
\BOOKMARK [2][-]{subsection.6.3.4}{\376\377\000D\000i\000a\000g\000r\000a\000m\000m\000e\000\040\000d\000e\000\040\000c\000l\000a\000s\000s\000e\000s\000\040\000d\000u\000\040\000s\000p\000r\000i\000n\000t\000\040\0003}{section.6.3}% 110
\BOOKMARK [1][-]{section.6.4}{\376\377\000I\000n\000t\000e\000r\000f\000a\000c\000e\000s\000\040\000d\000\351\000v\000e\000l\000o\000p\000p\000\351\000e\000s}{chapter.6}% 111
\BOOKMARK [2][-]{subsection.6.4.1}{\376\377\000L\000i\000s\000t\000e\000\040\000d\000e\000s\000\040\000n\000o\000t\000e\000s\000\040\000v\000a\000l\000i\000d\000\351\000e\000s\000\040\000\050\000p\000a\000g\000e\000\040\000a\000d\000m\000i\000n\000i\000s\000t\000r\000a\000t\000e\000u\000r\000\051}{section.6.4}% 112
\BOOKMARK [2][-]{subsection.6.4.2}{\376\377\000F\000o\000r\000m\000u\000l\000a\000i\000r\000e\000\040\000d\000e\000\040\000r\000e\000m\000b\000o\000u\000r\000s\000e\000m\000e\000n\000t\000\040\000\050\000a\000d\000m\000i\000n\000i\000s\000t\000r\000a\000t\000e\000u\000r\000\051}{section.6.4}% 113
\BOOKMARK [2][-]{subsection.6.4.3}{\376\377\000P\000a\000g\000e\000\040\000d\000e\000s\000\040\000o\000r\000d\000r\000e\000s\000\040\000d\000e\000\040\000p\000a\000i\000e\000m\000e\000n\000t\000\040\000e\000n\000\040\000a\000t\000t\000e\000n\000t\000e}{section.6.4}% 114
\BOOKMARK [2][-]{subsection.6.4.4}{\376\377\000P\000a\000g\000e\000\040\000d\000e\000\040\000d\000\351\000t\000a\000i\000l\000\040\000d\040\031\000u\000n\000\040\000o\000r\000d\000r\000e\000\040\000d\000e\000\040\000p\000a\000i\000e\000m\000e\000n\000t}{section.6.4}% 115
\BOOKMARK [2][-]{subsection.6.4.5}{\376\377\000M\000o\000d\000a\000l\000\040\000d\000e\000\040\000c\000o\000n\000f\000i\000r\000m\000a\000t\000i\000o\000n\000\040\000d\000e\000\040\000p\000a\000i\000e\000m\000e\000n\000t}{section.6.4}% 116
\BOOKMARK [2][-]{subsection.6.4.6}{\376\377\000M\000o\000d\000a\000l\000\040\000d\000e\000\040\000c\000o\000n\000f\000i\000r\000m\000a\000t\000i\000o\000n\000\040\000d\000e\000\040\000r\000e\000f\000u\000s\000\040\000d\000e\000\040\000r\000e\000m\000b\000o\000u\000r\000s\000e\000m\000e\000n\000t}{section.6.4}% 117
\BOOKMARK [2][-]{subsection.6.4.7}{\376\377\000P\000a\000g\000e\000\040\000d\040\031\000a\000r\000c\000h\000i\000v\000e\000\040\000a\000d\000m\000i\000n\000i\000s\000t\000r\000a\000t\000i\000v\000e}{section.6.4}% 118
\BOOKMARK [2][-]{subsection.6.4.8}{\376\377\000N\000o\000t\000e\000s\000\040\000i\000n\000t\000e\000r\000n\000e\000s\000\040\000\050\000m\000a\000n\000a\000g\000e\000r\000\040\000e\000t\000\040\000a\000d\000m\000i\000n\000i\000s\000t\000r\000a\000t\000e\000u\000r\000\051}{section.6.4}% 119
\BOOKMARK [2][-]{subsection.6.4.9}{\376\377\000D\000a\000s\000h\000b\000o\000a\000r\000d\000\040\000p\000r\000o\000j\000e\000t\000s\000\040\000a\000d\000m\000i\000n\000i\000s\000t\000r\000a\000t\000e\000u\000r}{section.6.4}% 120
\BOOKMARK [2][-]{subsection.6.4.10}{\376\377\000E\000x\000p\000o\000r\000t\000\040\000E\000x\000c\000e\000l\000/\000C\000S\000V}{section.6.4}% 121
\BOOKMARK [1][-]{section.6.5}{\376\377\000D\000\351\000p\000l\000o\000i\000e\000m\000e\000n\000t\000\040\000a\000v\000e\000c\000\040\000D\000o\000c\000k\000e\000r}{chapter.6}% 122
\BOOKMARK [2][-]{subsection.6.5.1}{\376\377\000A\000v\000a\000n\000t\000a\000g\000e\000s}{section.6.5}% 123
\BOOKMARK [2][-]{subsection.6.5.2}{\376\377\000C\000a\000p\000t\000u\000r\000e\000s\000\040\000d\000'\000\351\000c\000r\000a\000n}{section.6.5}% 124
\BOOKMARK [1][-]{section*.180}{\376\377\000C\000o\000n\000c\000l\000u\000s\000i\000o\000n}{chapter.6}% 125
\BOOKMARK [0][-]{chapter.7}{\376\377\000S\000p\000r\000i\000n\000t\000\040\0004\000\040\040\023\000\040\000D\000\351\000t\000e\000c\000t\000i\000o\000n\000\040\000d\000e\000s\000\040\000a\000n\000o\000m\000a\000l\000i\000e\000s\000\040\000e\000t\000\040\000D\000a\000s\000h\000b\000o\000a\000r\000d\000s}{}% 126
\BOOKMARK [1][-]{section*.181}{\376\377\000I\000n\000t\000r\000o\000d\000u\000c\000t\000i\000o\000n}{chapter.7}% 127
\BOOKMARK [1][-]{section.7.1}{\376\377\000O\000b\000j\000e\000c\000t\000i\000f\000\040\000d\000u\000\040\000s\000p\000r\000i\000n\000t}{chapter.7}% 128
\BOOKMARK [1][-]{section.7.2}{\376\377\000B\000a\000c\000k\000l\000o\000g\000\040\000d\000u\000\040\000s\000p\000r\000i\000n\000t\000\040\0004}{chapter.7}% 129
\BOOKMARK [1][-]{section.7.3}{\376\377\000A\000n\000a\000l\000y\000s\000e}{chapter.7}% 130
\BOOKMARK [2][-]{subsection.7.3.1}{\376\377\000D\000i\000a\000g\000r\000a\000m\000m\000e\000\040\000d\000e\000s\000\040\000c\000a\000s\000\040\000d\000'\000u\000t\000i\000l\000i\000s\000a\000t\000i\000o\000n}{section.7.3}% 131
\BOOKMARK [2][-]{subsection.7.3.2}{\376\377\000D\000e\000s\000c\000r\000i\000p\000t\000i\000o\000n\000\040\000t\000e\000x\000t\000u\000e\000l\000l\000e\000\040\000d\000e\000s\000\040\000c\000a\000s\000\040\000d\000'\000u\000t\000i\000l\000i\000s\000a\000t\000i\000o\000n}{section.7.3}% 132
\BOOKMARK [1][-]{section.7.4}{\376\377\000S\000y\000s\000t\000\350\000m\000e\000\040\000d\000e\000\040\000D\000\351\000t\000e\000c\000t\000i\000o\000n\000\040\000d\000e\000s\000\040\000a\000n\000o\000m\000a\000l\000i\000e\000s}{chapter.7}% 133
\BOOKMARK [2][-]{subsection.7.4.1}{\376\377\000A\000r\000c\000h\000i\000t\000e\000c\000t\000u\000r\000e\000\040\000g\000l\000o\000b\000a\000l\000e\000\040\000d\000e\000s\000\040\000d\000\351\000t\000e\000c\000t\000i\000o\000n\000s\000\040\000I\000A}{section.7.4}% 134
\BOOKMARK [2][-]{subsection.7.4.2}{\376\377\000C\000y\000c\000l\000e\000\040\000d\000e\000\040\000v\000i\000e\000\040\000d\000'\000u\000n\000e\000\040\000n\000o\000t\000e\000\040\000d\000e\000\040\000f\000r\000a\000i\000s\000\040\000a\000v\000e\000c\000\040\000l\000e\000s\000\040\000c\000o\000n\000t\000r\000\364\000l\000e\000s\000\040\000a\000u\000t\000o\000m\000a\000t\000i\000q\000u\000e\000s}{section.7.4}% 135
\BOOKMARK [2][-]{subsection.7.4.3}{\376\377\000D\000i\000a\000g\000r\000a\000m\000m\000e\000\040\000d\000e\000\040\000c\000l\000a\000s\000s\000e\000s}{section.7.4}% 136
\BOOKMARK [2][-]{subsection.7.4.4}{\376\377\000D\000i\000a\000g\000r\000a\000m\000m\000e\000\040\000d\000e\000\040\000d\000\351\000p\000l\000o\000i\000e\000m\000e\000n\000t}{section.7.4}% 137
\BOOKMARK [2][-]{subsection.7.4.5}{\376\377\000P\000o\000u\000r\000q\000u\000o\000i\000\040\000C\000R\000I\000S\000P\000-\000D\000M\000\040\000?}{section.7.4}% 138
\BOOKMARK [2][-]{subsection.7.4.6}{\376\377\000C\000o\000m\000p\000r\000\351\000h\000e\000n\000s\000i\000o\000n\000\040\000d\000u\000\040\000m\000\351\000t\000i\000e\000r}{section.7.4}% 139
\BOOKMARK [2][-]{subsection.7.4.7}{\376\377\000C\000o\000m\000p\000r\000\351\000h\000e\000n\000s\000i\000o\000n\000\040\000d\000e\000s\000\040\000d\000o\000n\000n\000\351\000e\000s}{section.7.4}% 140
\BOOKMARK [3][-]{subsubsection.7.4.7.1}{\376\377\000C\000o\000l\000l\000e\000c\000t\000e\000\040\000d\000e\000s\000\040\000d\000o\000n\000n\000\351\000e\000s}{subsection.7.4.7}% 141
\BOOKMARK [3][-]{subsubsection.7.4.7.2}{\376\377\000E\000x\000p\000l\000o\000r\000a\000t\000i\000o\000n\000\040\000d\000e\000s\000\040\000d\000o\000n\000n\000\351\000e\000s}{subsection.7.4.7}% 142
\BOOKMARK [2][-]{subsection.7.4.8}{\376\377\000P\000r\000\351\000p\000a\000r\000a\000t\000i\000o\000n\000\040\000d\000e\000s\000\040\000d\000o\000n\000n\000\351\000e\000s}{section.7.4}% 143
\BOOKMARK [3][-]{subsubsection.7.4.8.1}{\376\377\000C\000h\000a\000r\000g\000e\000m\000e\000n\000t\000\040\000d\000e\000s\000\040\000d\000o\000n\000n\000\351\000e\000s}{subsection.7.4.8}% 144
\BOOKMARK [3][-]{subsubsection.7.4.8.2}{\376\377\000N\000e\000t\000t\000o\000y\000a\000g\000e\000\040\000e\000t\000\040\000n\000o\000r\000m\000a\000l\000i\000s\000a\000t\000i\000o\000n\000\040\000d\000e\000s\000\040\000d\000o\000n\000n\000\351\000e\000s}{subsection.7.4.8}% 145
\BOOKMARK [3][-]{subsubsection.7.4.8.3}{\376\377\000I\000n\000d\000e\000x\000a\000t\000i\000o\000n\000\040\000F\000A\000I\000S\000S\000\040\000p\000o\000u\000r\000\040\000l\000a\000\040\000d\000\351\000t\000e\000c\000t\000i\000o\000n\000\040\000d\000e\000\040\000d\000o\000u\000b\000l\000o\000n\000s}{subsection.7.4.8}% 146
\BOOKMARK [3][-]{subsubsection.7.4.8.4}{\376\377\000C\000o\000n\000s\000t\000r\000u\000c\000t\000i\000o\000n\000\040\000d\000e\000\040\000l\000'\000h\000i\000s\000t\000o\000r\000i\000q\000u\000e\000\040\000d\000e\000s\000\040\000m\000o\000n\000t\000a\000n\000t\000s}{subsection.7.4.8}% 147
\BOOKMARK [3][-]{subsubsection.7.4.8.5}{\376\377\000E\000x\000t\000r\000a\000c\000t\000i\000o\000n\000\040\000s\000t\000r\000u\000c\000t\000u\000r\000\351\000e\000\040\000d\000e\000s\000\040\000a\000c\000c\000o\000r\000d\000s\000\040\000d\000e\000\040\000m\000i\000s\000s\000i\000o\000n}{subsection.7.4.8}% 148
\BOOKMARK [3][-]{subsubsection.7.4.8.6}{\376\377\000A\000l\000i\000g\000n\000e\000m\000e\000n\000t\000\040\000d\000e\000s\000\040\000d\000o\000n\000n\000\351\000e\000s\000\040\000p\000o\000u\000r\000\040\000l\000a\000\040\000c\000o\000m\000p\000a\000r\000a\000i\000s\000o\000n}{subsection.7.4.8}% 149
\BOOKMARK [2][-]{subsection.7.4.9}{\376\377\000M\000o\000d\000\351\000l\000i\000s\000a\000t\000i\000o\000n}{section.7.4}% 150
\BOOKMARK [3][-]{subsubsection.7.4.9.1}{\376\377\000D\000\351\000f\000i\000n\000i\000t\000i\000o\000n\000s\000\040\000d\000e\000s\000\040\000t\000e\000c\000h\000n\000o\000l\000o\000g\000i\000e\000s\000\040\000d\000'\000I\000A\000\040\000u\000t\000i\000l\000i\000s\000\351\000e\000s}{subsection.7.4.9}% 151
\BOOKMARK [3][-]{subsubsection.7.4.9.2}{\376\377\000M\000o\000d\000\350\000l\000e\000s\000\040\000t\000e\000s\000t\000\351\000s\000\040\000p\000o\000u\000r\000\040\000l\000a\000\040\000d\000\351\000t\000e\000c\000t\000i\000o\000n\000\040\000d\000e\000s\000\040\000a\000n\000o\000m\000a\000l\000i\000e\000s}{subsection.7.4.9}% 152
\BOOKMARK [3][-]{subsubsection.7.4.9.3}{\376\377\000A\000j\000u\000s\000t\000e\000m\000e\000n\000t\000s\000\040\000p\000o\000s\000t\000-\000\351\000v\000a\000l\000u\000a\000t\000i\000o\000n\000\040\000\050\000a\000m\000\351\000l\000i\000o\000r\000a\000t\000i\000o\000n\000s\000\051}{subsection.7.4.9}% 153
\BOOKMARK [2][-]{subsection.7.4.10}{\376\377\000D\000\351\000p\000l\000o\000i\000e\000m\000e\000n\000t}{section.7.4}% 154
\BOOKMARK [3][-]{subsubsection.7.4.10.1}{\376\377\000A\000r\000c\000h\000i\000t\000e\000c\000t\000u\000r\000e\000\040\000g\000l\000o\000b\000a\000l\000e\000\040\000d\000e\000\040\000d\000\351\000p\000l\000o\000i\000e\000m\000e\000n\000t}{subsection.7.4.10}% 155
\BOOKMARK [3][-]{subsubsection.7.4.10.2}{\376\377\000S\000a\000u\000v\000e\000g\000a\000r\000d\000e\000\040\000d\000e\000s\000\040\000m\000o\000d\000\350\000l\000e\000s}{subsection.7.4.10}% 156
\BOOKMARK [3][-]{subsubsection.7.4.10.3}{\376\377\000I\000n\000t\000\351\000g\000r\000a\000t\000i\000o\000n\000\040\000d\000a\000n\000s\000\040\000l\000'\000i\000n\000t\000e\000r\000f\000a\000c\000e\000\040\000w\000e\000b}{subsection.7.4.10}% 157
\BOOKMARK [3][-]{subsubsection.7.4.10.4}{\376\377\000C\000o\000n\000c\000l\000u\000s\000i\000o\000n\000\040\000d\000u\000\040\000d\000\351\000p\000l\000o\000i\000e\000m\000e\000n\000t}{subsection.7.4.10}% 158
\BOOKMARK [1][-]{section.7.5}{\376\377\000C\000h\000a\000t\000b\000o\000t\000\040\000h\000y\000b\000r\000i\000d\000e}{chapter.7}% 159
\BOOKMARK [2][-]{subsection.7.5.1}{\376\377\000M\000o\000d\000\350\000l\000e\000\040\000d\000e\000\040\000l\000a\000n\000g\000a\000g\000e\000\040\000u\000t\000i\000l\000i\000s\000\351}{section.7.5}% 160
\BOOKMARK [2][-]{subsection.7.5.2}{\376\377\000A\000r\000c\000h\000i\000t\000e\000c\000t\000u\000r\000e\000\040\000h\000y\000b\000r\000i\000d\000e}{section.7.5}% 161
\BOOKMARK [2][-]{subsection.7.5.3}{\376\377\000S\000t\000r\000u\000c\000t\000u\000r\000e\000\040\000d\000u\000\040\000p\000r\000o\000m\000p\000t\000\040\000p\000o\000u\000r\000\040\000l\000e\000\040\000L\000L\000M}{section.7.5}% 162
\BOOKMARK [2][-]{subsection.7.5.4}{\376\377\000G\000e\000s\000t\000i\000o\000n\000\040\000d\000u\000\040\000c\000o\000n\000t\000e\000x\000t\000e\000\040\000d\000e\000\040\000s\000e\000s\000s\000i\000o\000n}{section.7.5}% 163
\BOOKMARK [2][-]{subsection.7.5.5}{\376\377\000R\000o\000u\000t\000a\000g\000e\000\040\000d\000e\000s\000\040\000q\000u\000e\000s\000t\000i\000o\000n\000s}{section.7.5}% 164
\BOOKMARK [1][-]{section.7.6}{\376\377\000T\000a\000b\000l\000e\000a\000u\000x\000\040\000d\000e\000\040\000b\000o\000r\000d}{chapter.7}% 165
\BOOKMARK [2][-]{subsection.7.6.1}{\376\377\000T\000a\000b\000l\000e\000a\000u\000\040\000d\000e\000\040\000b\000o\000r\000d\000\040\000e\000m\000p\000l\000o\000y\000\351}{section.7.6}% 166
\BOOKMARK [2][-]{subsection.7.6.2}{\376\377\000T\000a\000b\000l\000e\000a\000u\000\040\000d\000e\000\040\000b\000o\000r\000d\000\040\000m\000a\000n\000a\000g\000e\000r}{section.7.6}% 167
\BOOKMARK [2][-]{subsection.7.6.3}{\376\377\000T\000a\000b\000l\000e\000a\000u\000\040\000d\000e\000\040\000b\000o\000r\000d\000\040\000a\000d\000m\000i\000n\000i\000s\000t\000r\000a\000t\000e\000u\000r}{section.7.6}% 168
\BOOKMARK [1][-]{section.7.7}{\376\377\000C\000o\000n\000c\000l\000u\000s\000i\000o\000n}{chapter.7}% 169
\BOOKMARK [0][-]{chapter*.245}{\376\377\000C\000o\000n\000c\000l\000u\000s\000i\000o\000n\000\040\000G\000\351\000n\000\351\000r\000a\000l\000e}{}% 170
\BOOKMARK [0][-]{chapter*.247}{\376\377\000I\000n\000t\000r\000o\000d\000u\000c\000t\000i\000o\000n\000\040\000G\000\351\000n\000\351\000r\000a\000l\000e}{}% 171
\BOOKMARK [0][-]{chapter.8}{\376\377\000C\000a\000d\000r\000e\000\040\000g\000\351\000n\000\351\000r\000a\000l\000\040\000d\000u\000\040\000p\000r\000o\000j\000e\000t}{}% 172
\BOOKMARK [1][-]{section*.248}{\376\377\000I\000n\000t\000r\000o\000d\000u\000c\000t\000i\000o\000n}{chapter.8}% 173
\BOOKMARK [1][-]{section.8.1}{\376\377\000C\000a\000d\000r\000e\000\040\000d\000u\000\040\000p\000r\000o\000j\000e\000t}{chapter.8}% 174
\BOOKMARK [2][-]{subsection.8.1.1}{\376\377\000P\000r\000\351\000s\000e\000n\000t\000a\000t\000i\000o\000n\000\040\000d\000e\000\040\000l\000'\000o\000r\000g\000a\000n\000i\000s\000m\000e\000\040\000d\000'\000a\000c\000c\000u\000e\000i\000l}{section.8.1}% 175
\BOOKMARK [1][-]{section.8.2}{\376\377\000\311\000t\000u\000d\000e\000\040\000d\000e\000\040\000l\000'\000e\000x\000i\000s\000t\000a\000n\000t}{chapter.8}% 176
\BOOKMARK [2][-]{subsection.8.2.1}{\376\377\000D\000e\000s\000c\000r\000i\000p\000t\000i\000o\000n\000\040\000d\000e\000\040\000l\000'\000e\000x\000i\000s\000t\000a\000n\000t}{section.8.2}% 177
\BOOKMARK [2][-]{subsection.8.2.2}{\376\377\000C\000r\000i\000t\000i\000q\000u\000e\000\040\000d\000e\000\040\000l\000'\000e\000x\000i\000s\000t\000a\000n\000t}{section.8.2}% 178
\BOOKMARK [2][-]{subsection.8.2.3}{\376\377\000S\000y\000n\000t\000h\000\350\000s\000e\000\040\000d\000e\000s\000\040\000l\000i\000m\000i\000t\000a\000t\000i\000o\000n\000s}{section.8.2}% 179
\BOOKMARK [1][-]{section.8.3}{\376\377\000S\000o\000l\000u\000t\000i\000o\000n\000\040\000p\000r\000o\000p\000o\000s\000\351\000e}{chapter.8}% 180
\BOOKMARK [1][-]{section.8.4}{\376\377\000M\000\351\000t\000h\000o\000d\000o\000l\000o\000g\000i\000e\000\040\000u\000t\000i\000l\000i\000s\000\351\000e}{chapter.8}% 181
\BOOKMARK [2][-]{subsection.8.4.1}{\376\377\000P\000o\000u\000r\000q\000u\000o\000i\000\040\000S\000c\000r\000u\000m\000\040\000?}{section.8.4}% 182
\BOOKMARK [1][-]{section.8.5}{\376\377\000L\000a\000n\000g\000a\000g\000e\000\040\000d\000e\000\040\000m\000o\000d\000\351\000l\000i\000s\000a\000t\000i\000o\000n\000\040\000U\000M\000L}{chapter.8}% 183
\BOOKMARK [1][-]{section.8.6}{\376\377\000C\000h\000o\000i\000x\000\040\000t\000e\000c\000h\000n\000o\000l\000o\000g\000i\000q\000u\000e\000s\000\040\000a\000d\000o\000p\000t\000\351\000s}{chapter.8}% 184
\BOOKMARK [2][-]{subsection.8.6.1}{\376\377\000E\000n\000v\000i\000r\000o\000n\000n\000e\000m\000e\000n\000t\000\040\000m\000a\000t\000\351\000r\000i\000e\000l}{section.8.6}% 185
\BOOKMARK [2][-]{subsection.8.6.2}{\376\377\000C\000h\000o\000i\000x\000\040\000t\000e\000c\000h\000n\000o\000l\000o\000g\000i\000q\000u\000e\000s}{section.8.6}% 186
\BOOKMARK [3][-]{section*.256}{\376\377\000a\000\051\000\040\000E\000n\000v\000i\000r\000o\000n\000n\000e\000m\000e\000n\000t\000s\000\040\000d\000e\000\040\000d\000\351\000v\000e\000l\000o\000p\000p\000e\000m\000e\000n\000t}{subsection.8.6.2}% 187
\BOOKMARK [3][-]{section*.260}{\376\377\000b\000\051\000\040\000V\000e\000r\000s\000i\000o\000n\000n\000e\000m\000e\000n\000t\000\040\000e\000t\000\040\000c\000o\000l\000l\000a\000b\000o\000r\000a\000t\000i\000o\000n}{subsection.8.6.2}% 188
\BOOKMARK [3][-]{section*.263}{\376\377\000c\000\051\000\040\000D\000e\000s\000i\000g\000n\000\040\000e\000t\000\040\000m\000a\000q\000u\000e\000t\000t\000a\000g\000e}{subsection.8.6.2}% 189
\BOOKMARK [3][-]{section*.266}{\376\377\000d\000\051\000\040\000F\000r\000a\000m\000e\000w\000o\000r\000k\000s\000\040\000e\000t\000\040\000l\000a\000n\000g\000a\000g\000e\000s\000\040\000f\000r\000o\000n\000t\000-\000e\000n\000d}{subsection.8.6.2}% 190
\BOOKMARK [3][-]{section*.272}{\376\377\000e\000\051\000\040\000F\000r\000a\000m\000e\000w\000o\000r\000k\000s\000\040\000e\000t\000\040\000l\000a\000n\000g\000a\000g\000e\000s\000\040\000b\000a\000c\000k\000-\000e\000n\000d}{subsection.8.6.2}% 191
\BOOKMARK [3][-]{section*.277}{\376\377\000f\000\051\000\040\000B\000a\000s\000e\000\040\000d\000e\000\040\000d\000o\000n\000n\000\351\000e\000s}{subsection.8.6.2}% 192
\BOOKMARK [3][-]{section*.279}{\376\377\000g\000\051\000\040\000S\000\351\000c\000u\000r\000i\000t\000\351}{subsection.8.6.2}% 193
\BOOKMARK [3][-]{section*.281}{\376\377\000h\000\051\000\040\000C\000o\000n\000t\000e\000n\000e\000u\000r\000i\000s\000a\000t\000i\000o\000n}{subsection.8.6.2}% 194
\BOOKMARK [3][-]{section*.283}{\376\377\000i\000\051\000\040\000T\000e\000s\000t\000s\000\040\000e\000t\000\040\000d\000o\000c\000u\000m\000e\000n\000t\000a\000t\000i\000o\000n\000\040\000d\000'\000A\000P\000I}{subsection.8.6.2}% 195
\BOOKMARK [1][-]{section*.285}{\376\377\000C\000o\000n\000c\000l\000u\000s\000i\000o\000n}{chapter.8}% 196
\BOOKMARK [0][-]{chapter.9}{\376\377\000\311\000t\000a\000t\000\040\000d\000e\000\040\000l\000'\000a\000r\000t}{}% 197
\BOOKMARK [1][-]{section*.286}{\376\377\000I\000n\000t\000r\000o\000d\000u\000c\000t\000i\000o\000n}{chapter.9}% 198
\BOOKMARK [1][-]{section.9.1}{\376\377\000I\000n\000t\000e\000l\000l\000i\000g\000e\000n\000c\000e\000\040\000A\000r\000t\000i\000f\000i\000c\000i\000e\000l\000l\000e}{chapter.9}% 199
\BOOKMARK [2][-]{subsection.9.1.1}{\376\377\000D\000\351\000f\000i\000n\000i\000t\000i\000o\000n}{section.9.1}% 200
\BOOKMARK [2][-]{subsection.9.1.2}{\376\377\000A\000p\000p\000r\000e\000n\000t\000i\000s\000s\000a\000g\000e\000\040\000A\000u\000t\000o\000m\000a\000t\000i\000q\000u\000e\000\040\000\050\000M\000a\000c\000h\000i\000n\000e\000\040\000L\000e\000a\000r\000n\000i\000n\000g\000\051}{section.9.1}% 201
\BOOKMARK [2][-]{subsection.9.1.3}{\376\377\000A\000p\000p\000r\000e\000n\000t\000i\000s\000s\000a\000g\000e\000\040\000p\000r\000o\000f\000o\000n\000d\000\040\000\050\000D\000e\000e\000p\000\040\000L\000e\000a\000r\000n\000i\000n\000g\000\051}{section.9.1}% 202
\BOOKMARK [1][-]{section.9.2}{\376\377\000T\000r\000a\000i\000t\000e\000m\000e\000n\000t\000\040\000A\000u\000t\000o\000m\000a\000t\000i\000q\000u\000e\000\040\000d\000e\000s\000\040\000L\000a\000n\000g\000u\000e\000s\000\040\000\050\000T\000A\000L\000\051}{chapter.9}% 203
\BOOKMARK [2][-]{subsection.9.2.1}{\376\377\000D\000\351\000f\000i\000n\000i\000t\000i\000o\000n}{section.9.2}% 204
\BOOKMARK [2][-]{subsection.9.2.2}{\376\377\000T\000\342\000c\000h\000e\000s\000\040\000p\000r\000i\000n\000c\000i\000p\000a\000l\000e\000s\000\040\000d\000u\000\040\000T\000A\000L}{section.9.2}% 205
\BOOKMARK [1][-]{section.9.3}{\376\377\000T\000e\000c\000h\000n\000o\000l\000o\000g\000i\000e\000s\000\040\000s\000p\000\351\000c\000i\000f\000i\000q\000u\000e\000s\000\040\000a\000u\000\040\000p\000r\000o\000j\000e\000t}{chapter.9}% 206
\BOOKMARK [2][-]{subsection.9.3.1}{\376\377\000O\000C\000R\000\040\000\050\000O\000p\000t\000i\000c\000a\000l\000\040\000C\000h\000a\000r\000a\000c\000t\000e\000r\000\040\000R\000e\000c\000o\000g\000n\000i\000t\000i\000o\000n\000\051}{section.9.3}% 207
\BOOKMARK [3][-]{subsubsection.9.3.1.1}{\376\377\000D\000\351\000f\000i\000n\000i\000t\000i\000o\000n}{subsection.9.3.1}% 208
\BOOKMARK [3][-]{subsubsection.9.3.1.2}{\376\377\000O\000u\000t\000i\000l\000s\000\040\000O\000C\000R\000\040\000u\000t\000i\000l\000i\000s\000\351\000s}{subsection.9.3.1}% 209
\BOOKMARK [2][-]{subsection.9.3.2}{\376\377\000L\000L\000M\000\040\000\050\000L\000a\000r\000g\000e\000\040\000L\000a\000n\000g\000u\000a\000g\000e\000\040\000M\000o\000d\000e\000l\000s\000\051}{section.9.3}% 210
\BOOKMARK [3][-]{subsubsection.9.3.2.1}{\376\377\000D\000\351\000f\000i\000n\000i\000t\000i\000o\000n}{subsection.9.3.2}% 211
\BOOKMARK [3][-]{subsubsection.9.3.2.2}{\376\377\000M\000o\000d\000\350\000l\000e\000s\000\040\000u\000t\000i\000l\000i\000s\000\351\000s}{subsection.9.3.2}% 212
\BOOKMARK [3][-]{subsubsection.9.3.2.3}{\376\377\000S\000e\000r\000v\000e\000u\000r\000\040\000O\000l\000l\000a\000m\000a}{subsection.9.3.2}% 213
\BOOKMARK [2][-]{subsection.9.3.3}{\376\377\000F\000A\000I\000S\000S\000\040\000\050\000F\000a\000c\000e\000b\000o\000o\000k\000\040\000A\000I\000\040\000S\000i\000m\000i\000l\000a\000r\000i\000t\000y\000\040\000S\000e\000a\000r\000c\000h\000\051}{section.9.3}% 214
\BOOKMARK [3][-]{subsubsection.9.3.3.1}{\376\377\000D\000\351\000f\000i\000n\000i\000t\000i\000o\000n}{subsection.9.3.3}% 215
\BOOKMARK [3][-]{subsubsection.9.3.3.2}{\376\377\000A\000p\000p\000l\000i\000c\000a\000t\000i\000o\000n\000\040\000d\000a\000n\000s\000\040\000l\000e\000\040\000p\000r\000o\000j\000e\000t}{subsection.9.3.3}% 216
\BOOKMARK [2][-]{subsection.9.3.4}{\376\377\000S\000e\000n\000t\000e\000n\000c\000e\000T\000r\000a\000n\000s\000f\000o\000r\000m\000e\000r}{section.9.3}% 217
\BOOKMARK [3][-]{subsubsection.9.3.4.1}{\376\377\000D\000\351\000f\000i\000n\000i\000t\000i\000o\000n}{subsection.9.3.4}% 218
\BOOKMARK [3][-]{subsubsection.9.3.4.2}{\376\377\000M\000o\000d\000\350\000l\000e\000\040\000u\000t\000i\000l\000i\000s\000\351}{subsection.9.3.4}% 219
\BOOKMARK [2][-]{subsection.9.3.5}{\376\377\000I\000s\000o\000l\000a\000t\000i\000o\000n\000\040\000F\000o\000r\000e\000s\000t}{section.9.3}% 220
\BOOKMARK [3][-]{subsubsection.9.3.5.1}{\376\377\000D\000\351\000f\000i\000n\000i\000t\000i\000o\000n}{subsection.9.3.5}% 221
\BOOKMARK [3][-]{subsubsection.9.3.5.2}{\376\377\000A\000p\000p\000l\000i\000c\000a\000t\000i\000o\000n\000\040\000d\000a\000n\000s\000\040\000l\000e\000\040\000p\000r\000o\000j\000e\000t}{subsection.9.3.5}% 222
\BOOKMARK [2][-]{subsection.9.3.6}{\376\377\000W\000o\000r\000d\000\040\000E\000m\000b\000e\000d\000d\000i\000n\000g}{section.9.3}% 223
\BOOKMARK [2][-]{subsection.9.3.7}{\376\377\000R\000N\000N\000\040\000e\000t\000\040\000L\000S\000T\000M}{section.9.3}% 224
\BOOKMARK [3][-]{subsubsection.9.3.7.1}{\376\377\000R\000N\000N\000\040\000\050\000R\000\351\000c\000u\000r\000r\000e\000n\000t\000\040\000N\000e\000u\000r\000a\000l\000\040\000N\000e\000t\000w\000o\000r\000k\000\051}{subsection.9.3.7}% 225
\BOOKMARK [3][-]{subsubsection.9.3.7.2}{\376\377\000L\000S\000T\000M\000\040\000\050\000L\000o\000n\000g\000\040\000S\000h\000o\000r\000t\000-\000T\000e\000r\000m\000\040\000M\000e\000m\000o\000r\000y\000\051}{subsection.9.3.7}% 226
\BOOKMARK [2][-]{subsection.9.3.8}{\376\377\000T\000r\000a\000n\000s\000f\000o\000r\000m\000e\000r\000s\000\040\000e\000t\000\040\000B\000E\000R\000T}{section.9.3}% 227
\BOOKMARK [3][-]{subsubsection.9.3.8.1}{\376\377\000A\000r\000c\000h\000i\000t\000e\000c\000t\000u\000r\000e\000\040\000T\000r\000a\000n\000s\000f\000o\000r\000m\000e\000r}{subsection.9.3.8}% 228
\BOOKMARK [3][-]{subsubsection.9.3.8.2}{\376\377\000B\000E\000R\000T\000\040\000\050\000B\000i\000d\000i\000r\000e\000c\000t\000i\000o\000n\000a\000l\000\040\000E\000n\000c\000o\000d\000e\000r\000\040\000R\000e\000p\000r\000e\000s\000e\000n\000t\000a\000t\000i\000o\000n\000s\000\040\000f\000r\000o\000m\000\040\000T\000r\000a\000n\000s\000f\000o\000r\000m\000e\000r\000s\000\051}{subsection.9.3.8}% 229
\BOOKMARK [3][-]{subsubsection.9.3.8.3}{\376\377\000M\000-\000B\000E\000R\000T\000\040\000\050\000M\000u\000l\000t\000i\000l\000i\000n\000g\000u\000a\000l\000\040\000B\000E\000R\000T\000\051}{subsection.9.3.8}% 230
\BOOKMARK [1][-]{section.9.4}{\376\377\000M\000\351\000t\000h\000o\000d\000o\000l\000o\000g\000i\000e\000s\000\040\000d\000e\000\040\000g\000e\000s\000t\000i\000o\000n\000\040\000d\000e\000\040\000p\000r\000o\000j\000e\000t\000s\000\040\000D\000a\000t\000a\000\040\000S\000c\000i\000e\000n\000c\000e}{chapter.9}% 231
\BOOKMARK [2][-]{subsection.9.4.1}{\376\377\000K\000D\000D\000\040\000\050\000K\000n\000o\000w\000l\000e\000d\000g\000e\000\040\000D\000i\000s\000c\000o\000v\000e\000r\000y\000\040\000i\000n\000\040\000D\000a\000t\000a\000b\000a\000s\000e\000s\000\051}{section.9.4}% 232
\BOOKMARK [2][-]{subsection.9.4.2}{\376\377\000C\000R\000I\000S\000P\000-\000D\000M\000\040\000\050\000C\000r\000o\000s\000s\000-\000I\000n\000d\000u\000s\000t\000r\000y\000\040\000S\000t\000a\000n\000d\000a\000r\000d\000\040\000P\000r\000o\000c\000e\000s\000s\000\040\000f\000o\000r\000\040\000D\000a\000t\000a\000\040\000M\000i\000n\000i\000n\000g\000\051}{section.9.4}% 233
\BOOKMARK [2][-]{subsection.9.4.3}{\376\377\000S\000E\000M\000M\000A}{section.9.4}% 234
\BOOKMARK [1][-]{section.9.5}{\376\377\000L\000'\000A\000p\000p\000r\000e\000n\000t\000i\000s\000s\000a\000g\000e\000\040\000p\000a\000r\000\040\000T\000r\000a\000n\000s\000f\000e\000r\000t\000\040\000\050\000T\000r\000a\000n\000s\000f\000e\000r\000\040\000L\000e\000a\000r\000n\000i\000n\000g\000\051}{chapter.9}% 235
\BOOKMARK [1][-]{section.9.6}{\376\377\000W\000e\000b\000\040\000S\000c\000r\000a\000p\000i\000n\000g}{chapter.9}% 236
\BOOKMARK [2][-]{subsection.9.6.1}{\376\377\000D\000\351\000f\000i\000n\000i\000t\000i\000o\000n}{section.9.6}% 237
\BOOKMARK [2][-]{subsection.9.6.2}{\376\377\000\311\000t\000a\000p\000e\000s\000\040\000d\000u\000\040\000w\000e\000b\000\040\000s\000c\000r\000a\000p\000i\000n\000g}{section.9.6}% 238
\BOOKMARK [2][-]{subsection.9.6.3}{\376\377\000O\000u\000t\000i\000l\000s\000\040\000u\000t\000i\000l\000i\000s\000\351\000s}{section.9.6}% 239
\BOOKMARK [1][-]{section.9.7}{\376\377\000A\000n\000n\000o\000t\000a\000t\000i\000o\000n\000\040\000d\000e\000s\000\040\000d\000o\000n\000n\000\351\000e\000s}{chapter.9}% 240
\BOOKMARK [2][-]{subsection.9.7.1}{\376\377\000A\000n\000n\000o\000t\000a\000t\000i\000o\000n\000\040\000m\000a\000n\000u\000e\000l\000l\000e}{section.9.7}% 241
\BOOKMARK [2][-]{subsection.9.7.2}{\376\377\000A\000n\000n\000o\000t\000a\000t\000i\000o\000n\000\040\000a\000u\000t\000o\000m\000a\000t\000i\000q\000u\000e}{section.9.7}% 242
\BOOKMARK [1][-]{section.9.8}{\376\377\000C\000o\000n\000c\000l\000u\000s\000i\000o\000n}{chapter.9}% 243
\BOOKMARK [0][-]{chapter.10}{\376\377\000A\000n\000a\000l\000y\000s\000e\000\040\000e\000t\000\040\000s\000p\000\351\000c\000i\000f\000i\000c\000a\000t\000i\000o\000n\000\040\000d\000e\000s\000\040\000b\000e\000s\000o\000i\000n\000s}{}% 244
\BOOKMARK [1][-]{section*.287}{\376\377\000I\000n\000t\000r\000o\000d\000u\000c\000t\000i\000o\000n}{chapter.10}% 245
\BOOKMARK [1][-]{section.10.1}{\376\377\000S\000p\000\351\000c\000i\000f\000i\000c\000a\000t\000i\000o\000n\000\040\000d\000e\000s\000\040\000b\000e\000s\000o\000i\000n\000s}{chapter.10}% 246
\BOOKMARK [2][-]{subsection.10.1.1}{\376\377\000I\000d\000e\000n\000t\000i\000f\000i\000c\000a\000t\000i\000o\000n\000\040\000d\000e\000s\000\040\000a\000c\000t\000e\000u\000r\000s}{section.10.1}% 247
\BOOKMARK [2][-]{subsection.10.1.2}{\376\377\000B\000e\000s\000o\000i\000n\000s\000\040\000F\000o\000n\000c\000t\000i\000o\000n\000n\000e\000l\000s}{section.10.1}% 248
\BOOKMARK [2][-]{subsection.10.1.3}{\376\377\000B\000e\000s\000o\000i\000n\000s\000\040\000N\000o\000n\000\040\000F\000o\000n\000c\000t\000i\000o\000n\000n\000e\000l\000s}{section.10.1}% 249
\BOOKMARK [1][-]{section.10.2}{\376\377\000P\000r\000o\000d\000u\000c\000t\000\040\000B\000a\000c\000k\000l\000o\000g}{chapter.10}% 250
\BOOKMARK [2][-]{subsection.10.2.1}{\376\377\000B\000a\000c\000k\000l\000o\000g\000\040\000d\000e\000\040\000P\000r\000o\000d\000u\000i\000t}{section.10.2}% 251
\BOOKMARK [2][-]{subsection.10.2.2}{\376\377\000P\000l\000a\000n\000i\000f\000i\000c\000a\000t\000i\000o\000n\000\040\000d\000e\000s\000\040\000S\000p\000r\000i\000n\000t\000s}{section.10.2}% 252
\BOOKMARK [1][-]{section*.290}{\376\377\000C\000o\000n\000c\000l\000u\000s\000i\000o\000n}{chapter.10}% 253
\BOOKMARK [0][-]{chapter.11}{\376\377\000S\000p\000r\000i\000n\000t\000\040\0001\000\040\000\253\000\040\000G\000e\000s\000t\000i\000o\000n\000\040\000d\000e\000s\000\040\000c\000o\000m\000p\000t\000e\000s\000,\000\040\000d\000\351\000p\000a\000r\000t\000e\000m\000e\000n\000t\000s\000,\000\040\000p\000r\000o\000j\000e\000t\000s\000\040\000e\000t\000\040\000c\000a\000t\000\351\000g\000o\000r\000i\000e\000s\000\273}{}% 254
\BOOKMARK [1][-]{section*.291}{\376\377\000I\000n\000t\000r\000o\000d\000u\000c\000t\000i\000o\000n}{chapter.11}% 255
\BOOKMARK [1][-]{section.11.1}{\376\377\000O\000b\000j\000e\000c\000t\000i\000f\000\040\000d\000u\000\040\000s\000p\000r\000i\000n\000t}{chapter.11}% 256
\BOOKMARK [1][-]{section.11.2}{\376\377\000B\000a\000c\000k\000l\000o\000g\000\040\000d\000u\000\040\000s\000p\000r\000i\000n\000t\000\040\0001}{chapter.11}% 257
\BOOKMARK [1][-]{section.11.3}{\376\377\000A\000n\000a\000l\000y\000s\000e}{chapter.11}% 258
\BOOKMARK [2][-]{subsection.11.3.1}{\376\377\000D\000i\000a\000g\000r\000a\000m\000m\000e\000\040\000d\000e\000\040\000c\000a\000s\000\040\000d\000'\000u\000t\000i\000l\000i\000s\000a\000t\000i\000o\000n\000\040\000g\000l\000o\000b\000a\000l\000\040\000d\000u\000\040\000s\000p\000r\000i\000n\000t\000\040\0001}{section.11.3}% 259
\BOOKMARK [2][-]{subsection.11.3.2}{\376\377\000R\000a\000f\000f\000i\000n\000e\000m\000e\000n\000t\000s\000\040\000d\000e\000s\000\040\000c\000a\000s\000\040\000d\000'\000u\000t\000i\000l\000i\000s\000a\000t\000i\000o\000n}{section.11.3}% 260
\BOOKMARK [3][-]{subsubsection.11.3.2.1}{\376\377\000R\000a\000f\000f\000i\000n\000e\000m\000e\000n\000t\000\040\000d\000u\000\040\000c\000a\000s\000\040\000d\000'\000u\000t\000i\000l\000i\000s\000a\000t\000i\000o\000n\000\040\000\253\000\040\000G\000\351\000r\000e\000r\000\040\000l\000e\000s\000\040\000c\000o\000m\000p\000t\000e\000s\000\040\000u\000t\000i\000l\000i\000s\000a\000t\000e\000u\000r\000s\000\040\000\273}{subsection.11.3.2}% 261
\BOOKMARK [3][-]{subsubsection.11.3.2.2}{\376\377\000R\000a\000f\000f\000i\000n\000e\000m\000e\000n\000t\000\040\000d\000u\000\040\000c\000a\000s\000\040\000d\000'\000u\000t\000i\000l\000i\000s\000a\000t\000i\000o\000n\000\040\000\253\000\040\000G\000\351\000r\000e\000r\000\040\000p\000r\000o\000f\000i\000l\000\040\000\273}{subsection.11.3.2}% 262
\BOOKMARK [3][-]{subsubsection.11.3.2.3}{\376\377\000R\000a\000f\000f\000i\000n\000e\000m\000e\000n\000t\000\040\000d\000u\000\040\000c\000a\000s\000\040\000d\000'\000u\000t\000i\000l\000i\000s\000a\000t\000i\000o\000n\000\040\000\253\000\040\000G\000\351\000r\000e\000r\000\040\000l\000e\000s\000\040\000c\000a\000t\000\351\000g\000o\000r\000i\000e\000s\000\040\000\273}{subsection.11.3.2}% 263
\BOOKMARK [3][-]{subsubsection.11.3.2.4}{\376\377\000D\000e\000s\000c\000r\000i\000p\000t\000i\000o\000n\000\040\000t\000e\000x\000t\000u\000e\000l\000l\000e\000\040\000d\000u\000\040\000c\000a\000s\000\040\000d\000'\000u\000t\000i\000l\000i\000s\000a\000t\000i\000o\000n\000\040\000\253\000\040\000C\000r\000\351\000e\000r\000\040\000c\000o\000m\000p\000t\000e\000\040\000\273}{subsection.11.3.2}% 264
\BOOKMARK [3][-]{subsubsection.11.3.2.5}{\376\377\000D\000e\000s\000c\000r\000i\000p\000t\000i\000o\000n\000\040\000t\000e\000x\000t\000u\000e\000l\000l\000e\000\040\000d\000u\000\040\000c\000a\000s\000\040\000d\000'\000u\000t\000i\000l\000i\000s\000a\000t\000i\000o\000n\000\040\000\253\000\040\000S\000'\000a\000u\000t\000h\000e\000n\000t\000i\000f\000i\000e\000r\000\040\000\273}{subsection.11.3.2}% 265
\BOOKMARK [3][-]{subsubsection.11.3.2.6}{\376\377\000D\000e\000s\000c\000r\000i\000p\000t\000i\000o\000n\000\040\000t\000e\000x\000t\000u\000e\000l\000l\000e\000\040\000d\000u\000\040\000c\000a\000s\000\040\000d\000'\000u\000t\000i\000l\000i\000s\000a\000t\000i\000o\000n\000\040\000\253\000\040\000R\000\351\000c\000u\000p\000\351\000r\000e\000r\000\040\000m\000o\000t\000\040\000d\000e\000\040\000p\000a\000s\000s\000e\000\040\000\273}{subsection.11.3.2}% 266
\BOOKMARK [3][-]{subsubsection.11.3.2.7}{\376\377\000D\000e\000s\000c\000r\000i\000p\000t\000i\000o\000n\000\040\000t\000e\000x\000t\000u\000e\000l\000l\000e\000\040\000d\000u\000\040\000c\000a\000s\000\040\000d\000'\000u\000t\000i\000l\000i\000s\000a\000t\000i\000o\000n\000\040\000\253\000\040\000M\000o\000d\000i\000f\000i\000e\000r\000\040\000s\000o\000n\000\040\000p\000r\000o\000f\000i\000l\000\040\000\273}{subsection.11.3.2}% 267
\BOOKMARK [3][-]{subsubsection.11.3.2.8}{\376\377\000D\000e\000s\000c\000r\000i\000p\000t\000i\000o\000n\000\040\000t\000e\000x\000t\000u\000e\000l\000l\000e\000\040\000d\000u\000\040\000c\000a\000s\000\040\000d\000'\000u\000t\000i\000l\000i\000s\000a\000t\000i\000o\000n\000\040\000\253\000\040\000A\000j\000o\000u\000t\000e\000r\000\040\000u\000n\000e\000\040\000c\000a\000t\000\351\000g\000o\000r\000i\000e\000\040\000\273}{subsection.11.3.2}% 268
\BOOKMARK [1][-]{section.11.4}{\376\377\000C\000o\000n\000c\000e\000p\000t\000i\000o\000n}{chapter.11}% 269
\BOOKMARK [2][-]{subsection.11.4.1}{\376\377\000D\000i\000a\000g\000r\000a\000m\000m\000e\000\040\000d\000e\000\040\000s\000\351\000q\000u\000e\000n\000c\000e}{section.11.4}% 270
\BOOKMARK [3][-]{subsubsection.11.4.1.1}{\376\377\000D\000i\000a\000g\000r\000a\000m\000m\000e\000\040\000d\000e\000\040\000s\000\351\000q\000u\000e\000n\000c\000e\000\040\000-\000\040\000S\000'\000a\000u\000t\000h\000e\000n\000t\000i\000f\000i\000e\000r}{subsection.11.4.1}% 271
\BOOKMARK [3][-]{subsubsection.11.4.1.2}{\376\377\000D\000i\000a\000g\000r\000a\000m\000m\000e\000\040\000d\000e\000\040\000s\000\351\000q\000u\000e\000n\000c\000e\000\040\000-\000\040\000A\000j\000o\000u\000t\000e\000r\000\040\000u\000n\000\040\000p\000r\000o\000j\000e\000t}{subsection.11.4.1}% 272
\BOOKMARK [3][-]{subsubsection.11.4.1.3}{\376\377\000D\000i\000a\000g\000r\000a\000m\000m\000e\000\040\000d\000e\000\040\000s\000\351\000q\000u\000e\000n\000c\000e\000\040\000-\000\040\000A\000j\000o\000u\000t\000e\000r\000\040\000u\000n\000e\000\040\000c\000a\000t\000\351\000g\000o\000r\000i\000e}{subsection.11.4.1}% 273
\BOOKMARK [2][-]{subsection.11.4.2}{\376\377\000D\000i\000a\000g\000r\000a\000m\000m\000e\000\040\000d\000e\000\040\000c\000l\000a\000s\000s\000e\000\040\000d\000u\000\040\000s\000p\000r\000i\000n\000t\000\040\0001}{section.11.4}% 274
\BOOKMARK [1][-]{section.11.5}{\376\377\000I\000n\000t\000e\000r\000f\000a\000c\000e\000s\000\040\000d\000\351\000v\000e\000l\000o\000p\000p\000\351\000e\000s}{chapter.11}% 275
\BOOKMARK [2][-]{subsection.11.5.1}{\376\377\000P\000a\000g\000e\000\040\000d\000'\000a\000c\000c\000u\000e\000i\000l}{section.11.5}% 276
\BOOKMARK [2][-]{subsection.11.5.2}{\376\377\000I\000n\000t\000e\000r\000f\000a\000c\000e\000\040\000d\000'\000a\000u\000t\000h\000e\000n\000t\000i\000f\000i\000c\000a\000t\000i\000o\000n}{section.11.5}% 277
\BOOKMARK [2][-]{subsection.11.5.3}{\376\377\000I\000n\000t\000e\000r\000f\000a\000c\000e\000\040\000d\000e\000\040\000r\000\351\000c\000u\000p\000\351\000r\000a\000t\000i\000o\000n\000\040\000d\000e\000\040\000m\000o\000t\000\040\000d\000e\000\040\000p\000a\000s\000s\000e}{section.11.5}% 278
\BOOKMARK [2][-]{subsection.11.5.4}{\376\377\000I\000n\000t\000e\000r\000f\000a\000c\000e\000\040\000d\000e\000\040\000c\000r\000\351\000a\000t\000i\000o\000n\000/\000m\000i\000s\000e\000\040\000\340\000\040\000j\000o\000u\000r\000\040\000d\000u\000\040\000m\000o\000t\000\040\000d\000e\000\040\000p\000a\000s\000s\000e}{section.11.5}% 279
\BOOKMARK [2][-]{subsection.11.5.5}{\376\377\000I\000n\000t\000e\000r\000f\000a\000c\000e\000\040\000d\000e\000\040\000m\000i\000s\000e\000\040\000\340\000\040\000j\000o\000u\000r\000\040\000d\000u\000\040\000p\000r\000o\000f\000i\000l\000\040\000u\000t\000i\000l\000i\000s\000a\000t\000e\000u\000r}{section.11.5}% 280
\BOOKMARK [2][-]{subsection.11.5.6}{\376\377\000M\000o\000d\000a\000l\000\040\000d\000e\000\040\000c\000o\000n\000f\000i\000r\000m\000a\000t\000i\000o\000n\000\040\000d\000e\000\040\000d\000\351\000c\000o\000n\000n\000e\000x\000i\000o\000n}{section.11.5}% 281
\BOOKMARK [2][-]{subsection.11.5.7}{\376\377\000G\000e\000s\000t\000i\000o\000n\000\040\000d\000e\000s\000\040\000u\000t\000i\000l\000i\000s\000a\000t\000e\000u\000r\000s\000\040\000p\000a\000r\000\040\000l\000'\000a\000d\000m\000i\000n\000i\000s\000t\000r\000a\000t\000e\000u\000r}{section.11.5}% 282
\BOOKMARK [3][-]{subsubsection.11.5.7.1}{\376\377\000I\000n\000t\000e\000r\000f\000a\000c\000e\000\040\000d\000e\000\040\000l\000i\000s\000t\000e\000\040\000d\000e\000s\000\040\000u\000t\000i\000l\000i\000s\000a\000t\000e\000u\000r\000s}{subsection.11.5.7}% 283
\BOOKMARK [3][-]{subsubsection.11.5.7.2}{\376\377\000I\000n\000t\000e\000r\000f\000a\000c\000e\000\040\000d\000'\000a\000j\000o\000u\000t\000\040\000d\000'\000u\000n\000\040\000u\000t\000i\000l\000i\000s\000a\000t\000e\000u\000r}{subsection.11.5.7}% 284
\BOOKMARK [3][-]{subsubsection.11.5.7.3}{\376\377\000I\000n\000t\000e\000r\000f\000a\000c\000e\000\040\000d\000e\000\040\000m\000o\000d\000i\000f\000i\000c\000a\000t\000i\000o\000n\000\040\000d\000'\000u\000n\000\040\000u\000t\000i\000l\000i\000s\000a\000t\000e\000u\000r}{subsection.11.5.7}% 285
\BOOKMARK [2][-]{subsection.11.5.8}{\376\377\000G\000e\000s\000t\000i\000o\000n\000\040\000d\000e\000s\000\040\000p\000r\000o\000f\000i\000l\000s}{section.11.5}% 286
\BOOKMARK [3][-]{subsubsection.11.5.8.1}{\376\377\000I\000n\000t\000e\000r\000f\000a\000c\000e\000\040\000d\000e\000\040\000c\000o\000n\000s\000u\000l\000t\000a\000t\000i\000o\000n\000\040\000d\000u\000\040\000p\000r\000o\000f\000i\000l}{subsection.11.5.8}% 287
\BOOKMARK [3][-]{subsubsection.11.5.8.2}{\376\377\000I\000n\000t\000e\000r\000f\000a\000c\000e\000\040\000d\000e\000\040\000m\000o\000d\000i\000f\000i\000c\000a\000t\000i\000o\000n\000\040\000d\000u\000\040\000p\000r\000o\000f\000i\000l}{subsection.11.5.8}% 288
\BOOKMARK [2][-]{subsection.11.5.9}{\376\377\000G\000e\000s\000t\000i\000o\000n\000\040\000d\000e\000s\000\040\000d\000\351\000p\000a\000r\000t\000e\000m\000e\000n\000t\000s\000\040}{section.11.5}% 289
\BOOKMARK [3][-]{subsubsection.11.5.9.1}{\376\377\000I\000n\000t\000e\000r\000f\000a\000c\000e\000\040\000d\000e\000\040\000l\000i\000s\000t\000e\000\040\000d\000e\000s\000\040\000d\000\351\000p\000a\000r\000t\000e\000m\000e\000n\000t\000s}{subsection.11.5.9}% 290
\BOOKMARK [3][-]{subsubsection.11.5.9.2}{\376\377\000I\000n\000t\000e\000r\000f\000a\000c\000e\000\040\000d\000'\000a\000j\000o\000u\000t\000/\000m\000o\000d\000i\000f\000i\000c\000a\000t\000i\000o\000n\000\040\000d\000'\000u\000n\000\040\000d\000\351\000p\000a\000r\000t\000e\000m\000e\000n\000t}{subsection.11.5.9}% 291
\BOOKMARK [2][-]{subsection.11.5.10}{\376\377\000G\000e\000s\000t\000i\000o\000n\000\040\000d\000e\000s\000\040\000p\000r\000o\000j\000e\000t\000s\000\040}{section.11.5}% 292
\BOOKMARK [3][-]{subsubsection.11.5.10.1}{\376\377\000I\000n\000t\000e\000r\000f\000a\000c\000e\000\040\000d\000e\000\040\000l\000i\000s\000t\000e\000\040\000d\000e\000s\000\040\000p\000r\000o\000j\000e\000t\000s}{subsection.11.5.10}% 293
\BOOKMARK [3][-]{subsubsection.11.5.10.2}{\376\377\000I\000n\000t\000e\000r\000f\000a\000c\000e\000\040\000d\000'\000a\000j\000o\000u\000t\000/\000m\000o\000d\000i\000f\000i\000c\000a\000t\000i\000o\000n\000\040\000d\000'\000u\000n\000\040\000p\000r\000o\000j\000e\000t}{subsection.11.5.10}% 294
\BOOKMARK [3][-]{subsubsection.11.5.10.3}{\376\377\000I\000n\000t\000e\000r\000f\000a\000c\000e\000\040\000d\000e\000\040\000c\000o\000n\000s\000u\000l\000t\000a\000t\000i\000o\000n\000\040\000d\000e\000s\000\040\000p\000r\000o\000j\000e\000t\000s\000\040\000\050\000p\000o\000u\000r\000\040\000e\000m\000p\000l\000o\000y\000\351\000\051}{subsection.11.5.10}% 295
\BOOKMARK [3][-]{subsubsection.11.5.10.4}{\376\377\000I\000n\000t\000e\000r\000f\000a\000c\000e\000\040\000d\000e\000\040\000c\000o\000n\000s\000u\000l\000t\000a\000t\000i\000o\000n\000\040\000d\000e\000s\000\040\000r\000\351\000g\000l\000e\000s\000\040\000d\000e\000\040\000r\000e\000m\000b\000o\000u\000r\000s\000e\000m\000e\000n\000t}{subsection.11.5.10}% 296
\BOOKMARK [2][-]{subsection.11.5.11}{\376\377\000G\000e\000s\000t\000i\000o\000n\000\040\000d\000e\000s\000\040\000c\000a\000t\000\351\000g\000o\000r\000i\000e\000s\000\040\000d\000e\000\040\000d\000\351\000p\000e\000n\000s\000e\000s}{section.11.5}% 297
\BOOKMARK [3][-]{subsubsection.11.5.11.1}{\376\377\000I\000n\000t\000e\000r\000f\000a\000c\000e\000\040\000d\000e\000\040\000l\000i\000s\000t\000e\000\040\000d\000e\000s\000\040\000c\000a\000t\000\351\000g\000o\000r\000i\000e\000s}{subsection.11.5.11}% 298
\BOOKMARK [3][-]{subsubsection.11.5.11.2}{\376\377\000I\000n\000t\000e\000r\000f\000a\000c\000e\000\040\000d\000'\000a\000j\000o\000u\000t\000/\000m\000o\000d\000i\000f\000i\000c\000a\000t\000i\000o\000n\000\040\000d\000'\000u\000n\000e\000\040\000c\000a\000t\000\351\000g\000o\000r\000i\000e\000\040\000a\000v\000e\000c\000\040\000c\000h\000a\000m\000p\000s\000\040\000d\000y\000n\000a\000m\000i\000q\000u\000e\000s}{subsection.11.5.11}% 299
\BOOKMARK [1][-]{section*.328}{\376\377\000C\000o\000n\000c\000l\000u\000s\000i\000o\000n}{chapter.11}% 300
\BOOKMARK [0][-]{chapter.12}{\376\377\000S\000p\000r\000i\000n\000t\000\040\0002\000\040\000\253\000\040\000G\000e\000s\000t\000i\000o\000n\000\040\000d\000e\000s\000\040\000n\000o\000t\000e\000s\000\040\000d\000e\000\040\000f\000r\000a\000i\000s\000\040\000\273}{}% 301
\BOOKMARK [1][-]{section*.329}{\376\377\000I\000n\000t\000r\000o\000d\000u\000c\000t\000i\000o\000n}{chapter.12}% 302
\BOOKMARK [1][-]{section.12.1}{\376\377\000O\000b\000j\000e\000c\000t\000i\000f\000\040\000d\000u\000\040\000s\000p\000r\000i\000n\000t}{chapter.12}% 303
\BOOKMARK [1][-]{section.12.2}{\376\377\000B\000a\000c\000k\000l\000o\000g\000\040\000d\000u\000\040\000s\000p\000r\000i\000n\000t\000\040\0002}{chapter.12}% 304
\BOOKMARK [1][-]{section.12.3}{\376\377\000A\000n\000a\000l\000y\000s\000e}{chapter.12}% 305
\BOOKMARK [2][-]{subsection.12.3.1}{\376\377\000D\000i\000a\000g\000r\000a\000m\000m\000e\000\040\000d\000e\000\040\000c\000a\000s\000\040\000d\000'\000u\000t\000i\000l\000i\000s\000a\000t\000i\000o\000n\000\040\000g\000l\000o\000b\000a\000l\000\040\000d\000u\000\040\000s\000p\000r\000i\000n\000t\000\040\0002}{section.12.3}% 306
\BOOKMARK [2][-]{subsection.12.3.2}{\376\377\000D\000e\000s\000c\000r\000i\000p\000t\000i\000o\000n\000s\000\040\000t\000e\000x\000t\000u\000e\000l\000l\000e\000s\000\040\000d\000e\000s\000\040\000c\000a\000s\000\040\000d\040\031\000u\000t\000i\000l\000i\000s\000a\000t\000i\000o\000n}{section.12.3}% 307
\BOOKMARK [3][-]{subsubsection.12.3.2.1}{\376\377\000D\000e\000s\000c\000r\000i\000p\000t\000i\000o\000n\000\040\000t\000e\000x\000t\000u\000e\000l\000l\000e\000\040\040\023\000\040\000C\000r\000\351\000e\000r\000\040\000e\000t\000\040\000s\000o\000u\000m\000e\000t\000t\000r\000e\000\040\000u\000n\000e\000\040\000n\000o\000t\000e\000\040\000d\000e\000\040\000f\000r\000a\000i\000s\000\040}{subsection.12.3.2}% 308
\BOOKMARK [3][-]{subsubsection.12.3.2.2}{\376\377\000D\000e\000s\000c\000r\000i\000p\000t\000i\000o\000n\000\040\000t\000e\000x\000t\000u\000e\000l\000l\000e\000\040\040\023\000\040\000M\000o\000d\000i\000f\000i\000e\000r\000\040\000u\000n\000e\000\040\000n\000o\000t\000e\000\040\000d\000e\000\040\000f\000r\000a\000i\000s}{subsection.12.3.2}% 309
\BOOKMARK [3][-]{subsubsection.12.3.2.3}{\376\377\000D\000e\000s\000c\000r\000i\000p\000t\000i\000o\000n\000\040\000t\000e\000x\000t\000u\000e\000l\000l\000e\000\040\040\023\000\040\000V\000a\000l\000i\000d\000e\000r\000\040\000o\000u\000\040\000r\000e\000f\000u\000s\000e\000r\000\040\000u\000n\000e\000\040\000n\000o\000t\000e\000\040\000\050\000M\000a\000n\000a\000g\000e\000r\000\051}{subsection.12.3.2}% 310
\BOOKMARK [3][-]{subsubsection.12.3.2.4}{\376\377\000D\000e\000s\000c\000r\000i\000p\000t\000i\000o\000n\000\040\000t\000e\000x\000t\000u\000e\000l\000l\000e\000\040\040\023\000\040\000C\000h\000a\000n\000g\000e\000r\000\040\000l\000a\000\040\000d\000e\000v\000i\000s\000e\000\040\000d\040\031\000a\000f\000f\000i\000c\000h\000a\000g\000e}{subsection.12.3.2}% 311
\BOOKMARK [1][-]{section.12.4}{\376\377\000C\000o\000n\000c\000e\000p\000t\000i\000o\000n}{chapter.12}% 312
\BOOKMARK [2][-]{subsection.12.4.1}{\376\377\000D\000i\000a\000g\000r\000a\000m\000m\000e\000s\000\040\000d\000e\000\040\000s\000\351\000q\000u\000e\000n\000c\000e}{section.12.4}% 313
\BOOKMARK [3][-]{subsubsection.12.4.1.1}{\376\377\000S\000o\000u\000m\000i\000s\000s\000i\000o\000n\000\040\000d\000'\000u\000n\000e\000\040\000n\000o\000t\000e\000\040\000a\000v\000e\000c\000\040\000d\000\351\000c\000i\000s\000i\000o\000n\000\040\000d\000u\000\040\000m\000a\000n\000a\000g\000e\000r}{subsection.12.4.1}% 314
\BOOKMARK [2][-]{subsection.12.4.2}{\376\377\000D\000i\000a\000g\000r\000a\000m\000m\000e\000\040\000d\000e\000\040\000c\000l\000a\000s\000s\000e\000s\000\040\000d\000u\000\040\000s\000p\000r\000i\000n\000t\000\040\0002}{section.12.4}% 315
\BOOKMARK [1][-]{section.12.5}{\376\377\000I\000n\000t\000e\000r\000f\000a\000c\000e\000s\000\040\000d\000\351\000v\000e\000l\000o\000p\000p\000\351\000e\000s}{chapter.12}% 316
\BOOKMARK [2][-]{subsection.12.5.1}{\376\377\000P\000a\000g\000e\000\040\000\253\000\040\000A\000j\000o\000u\000t\000e\000r\000\040\000u\000n\000e\000\040\000n\000o\000t\000e\000\040\000d\000e\000\040\000f\000r\000a\000i\000s\000\040\000\273\000\040}{section.12.5}% 317
\BOOKMARK [3][-]{subsubsection.12.5.1.1}{\376\377\000I\000n\000t\000e\000r\000f\000a\000c\000e\000\040\000d\000'\000a\000j\000o\000u\000t\000\040\000d\000'\000u\000n\000e\000\040\000n\000o\000t\000e\000\040\000d\000e\000\040\000f\000r\000a\000i\000s}{subsection.12.5.1}% 318
\BOOKMARK [2][-]{subsection.12.5.2}{\376\377\000P\000a\000g\000e\000\040\000\253\000\040\000M\000e\000s\000\040\000n\000o\000t\000e\000s\000\040\000d\000e\000\040\000f\000r\000a\000i\000s\000\040\000\273}{section.12.5}% 319
\BOOKMARK [3][-]{subsubsection.12.5.2.1}{\376\377\000I\000n\000t\000e\000r\000f\000a\000c\000e\000\040\000\253\000\040\000M\000e\000s\000\040\000n\000o\000t\000e\000s\000\040\000d\000e\000\040\000f\000r\000a\000i\000s\000\040\000\273}{subsection.12.5.2}% 320
\BOOKMARK [3][-]{subsubsection.12.5.2.2}{\376\377\000M\000o\000d\000a\000l\000\040\000d\000e\000\040\000c\000o\000n\000f\000i\000r\000m\000a\000t\000i\000o\000n\000\040\000d\000e\000\040\000s\000u\000p\000p\000r\000e\000s\000s\000i\000o\000n\000\040\000d\000'\000u\000n\000e\000\040\000n\000o\000t\000e}{subsection.12.5.2}% 321
\BOOKMARK [2][-]{subsection.12.5.3}{\376\377\000P\000a\000g\000e\000\040\000m\000a\000n\000a\000g\000e\000r\000\040\000\253\000\040\000D\000e\000m\000a\000n\000d\000e\000s\000\040\000\340\000\040\000v\000a\000l\000i\000d\000e\000r\000\040\000\273\000\040}{section.12.5}% 322
\BOOKMARK [3][-]{subsubsection.12.5.3.1}{\376\377\000I\000n\000t\000e\000r\000f\000a\000c\000e\000\040\000d\000e\000\040\000g\000e\000s\000t\000i\000o\000n\000\040\000d\000e\000s\000\040\000n\000o\000t\000e\000s\000\040\000p\000o\000u\000r\000\040\000l\000e\000\040\000m\000a\000n\000a\000g\000e\000r}{subsection.12.5.3}% 323
\BOOKMARK [3][-]{subsubsection.12.5.3.2}{\376\377\000I\000n\000t\000e\000r\000f\000a\000c\000e\000\040\000d\000e\000\040\000d\000\351\000t\000a\000i\000l\000s\000\040\000d\000'\000u\000n\000e\000\040\000n\000o\000t\000e\000\040\000d\000e\000\040\000f\000r\000a\000i\000s}{subsection.12.5.3}% 324
\BOOKMARK [2][-]{subsection.12.5.4}{\376\377\000I\000n\000t\000e\000r\000f\000a\000c\000e\000\040\000d\000e\000\040\000c\000o\000n\000s\000u\000l\000t\000a\000t\000i\000o\000n\000\040\000d\000e\000\040\000l\000a\000\040\000c\000o\000n\000s\000o\000m\000m\000a\000t\000i\000o\000n\000\040\000p\000a\000r\000\040\000e\000m\000p\000l\000o\000y\000\351}{section.12.5}% 325
\BOOKMARK [3][-]{subsubsection.12.5.4.1}{\376\377\000M\000o\000d\000a\000l\000\040\000d\000e\000\040\000v\000a\000l\000i\000d\000a\000t\000i\000o\000n}{subsection.12.5.4}% 326
\BOOKMARK [3][-]{subsubsection.12.5.4.2}{\376\377\000M\000o\000d\000a\000l\000\040\000d\000e\000\040\000r\000e\000f\000u\000s}{subsection.12.5.4}% 327
\BOOKMARK [2][-]{subsection.12.5.5}{\376\377\000L\000i\000s\000t\000e\000\040\000d\000\351\000r\000o\000u\000l\000a\000n\000t\000e\000\040\000d\000e\000s\000\040\000n\000o\000t\000i\000f\000i\000c\000a\000t\000i\000o\000n\000s}{section.12.5}% 328
\BOOKMARK [3][-]{subsubsection.12.5.5.1}{\376\377\000I\000n\000t\000e\000r\000f\000a\000c\000e\000\040\000d\000'\000h\000i\000s\000t\000o\000r\000i\000q\000u\000e\000\040\000d\000e\000s\000\040\000n\000o\000t\000i\000f\000i\000c\000a\000t\000i\000o\000n\000s}{subsection.12.5.5}% 329
\BOOKMARK [1][-]{section*.346}{\376\377\000C\000o\000n\000c\000l\000u\000s\000i\000o\000n}{chapter.12}% 330
\BOOKMARK [0][-]{chapter.13}{\376\377\000S\000p\000r\000i\000n\000t\000\040\0003\000\040\000\253\000\040\000R\000e\000m\000b\000o\000u\000r\000s\000e\000m\000e\000n\000t\000\040\000e\000t\000\040\000d\000\351\000p\000l\000o\000i\000e\000m\000e\000n\000t\000\273}{}% 331
\BOOKMARK [1][-]{section*.347}{\376\377\000I\000n\000t\000r\000o\000d\000u\000c\000t\000i\000o\000n}{chapter.13}% 332
\BOOKMARK [1][-]{section.13.1}{\376\377\000O\000b\000j\000e\000c\000t\000i\000f\000\040\000d\000u\000\040\000s\000p\000r\000i\000n\000t}{chapter.13}% 333
\BOOKMARK [1][-]{section.13.2}{\376\377\000B\000a\000c\000k\000l\000o\000g\000\040\000d\000u\000\040\000s\000p\000r\000i\000n\000t\000\040\0003}{chapter.13}% 334
\BOOKMARK [2][-]{subsection.13.2.1}{\376\377\000D\000\351\000c\000o\000m\000p\000o\000s\000i\000t\000i\000o\000n\000\040\000d\000u\000\040\000s\000p\000r\000i\000n\000t\000\040\0003}{section.13.2}% 335
\BOOKMARK [1][-]{section.13.3}{\376\377\000A\000n\000a\000l\000y\000s\000e}{chapter.13}% 336
\BOOKMARK [2][-]{subsection.13.3.1}{\376\377\000D\000i\000a\000g\000r\000a\000m\000m\000e\000\040\000d\000e\000\040\000c\000a\000s\000\040\000d\000'\000u\000t\000i\000l\000i\000s\000a\000t\000i\000o\000n\000\040\000g\000l\000o\000b\000a\000l\000\040\000d\000u\000\040\000s\000p\000r\000i\000n\000t\000\040\0003}{section.13.3}% 337
\BOOKMARK [2][-]{subsection.13.3.2}{\376\377\000D\000e\000s\000c\000r\000i\000p\000t\000i\000o\000n\000s\000\040\000t\000e\000x\000t\000u\000e\000l\000l\000e\000s\000\040\000d\000e\000s\000\040\000c\000a\000s\000\040\000d\000'\000u\000t\000i\000l\000i\000s\000a\000t\000i\000o\000n}{section.13.3}% 338
\BOOKMARK [3][-]{subsubsection.13.3.2.1}{\376\377\000D\000e\000s\000c\000r\000i\000p\000t\000i\000o\000n\000\040\000t\000e\000x\000t\000u\000e\000l\000l\000e\000\040\040\023\000\040\000C\000o\000n\000s\000u\000l\000t\000e\000r\000\040\000l\000e\000s\000\040\000n\000o\000t\000e\000s\000\040\000v\000a\000l\000i\000d\000\351\000e\000s}{subsection.13.3.2}% 339
\BOOKMARK [3][-]{subsubsection.13.3.2.2}{\376\377\000D\000e\000s\000c\000r\000i\000p\000t\000i\000o\000n\000\040\000t\000e\000x\000t\000u\000e\000l\000l\000e\000\040\040\023\000\040\000R\000e\000j\000e\000t\000e\000r\000\040\000l\000e\000\040\000r\000e\000m\000b\000o\000u\000r\000s\000e\000m\000e\000n\000t\000\040\000d\000'\000u\000n\000e\000\040\000n\000o\000t\000e}{subsection.13.3.2}% 340
\BOOKMARK [3][-]{subsubsection.13.3.2.3}{\376\377\000D\000e\000s\000c\000r\000i\000p\000t\000i\000o\000n\000\040\000t\000e\000x\000t\000u\000e\000l\000l\000e\000\040\040\023\000\040\000C\000o\000n\000f\000i\000r\000m\000e\000r\000\040\000l\000e\000\040\000p\000a\000i\000e\000m\000e\000n\000t\000\040\000d\000'\000u\000n\000\040\000o\000r\000d\000r\000e}{subsection.13.3.2}% 341
\BOOKMARK [2][-]{subsection.13.3.3}{\376\377\000D\000i\000a\000g\000r\000a\000m\000m\000e\000s\000\040\000d\000e\000\040\000s\000\351\000q\000u\000e\000n\000c\000e}{section.13.3}% 342
\BOOKMARK [3][-]{subsubsection.13.3.3.1}{\376\377\000D\000i\000a\000g\000r\000a\000m\000m\000e\000\040\000d\000e\000\040\000s\000\351\000q\000u\000e\000n\000c\000e\000\040\040\023\000\040\000R\000e\000m\000b\000o\000u\000r\000s\000e\000r\000\040\000u\000n\000e\000\040\000n\000o\000t\000e\000\040\000d\000e\000\040\000f\000r\000a\000i\000s}{subsection.13.3.3}% 343
\BOOKMARK [3][-]{subsubsection.13.3.3.2}{\376\377\000D\000i\000a\000g\000r\000a\000m\000m\000e\000\040\000d\000e\000\040\000s\000\351\000q\000u\000e\000n\000c\000e\000\040\040\023\000\040\000R\000e\000j\000e\000t\000e\000r\000\040\000u\000n\000e\000\040\000n\000o\000t\000e\000\040\000d\000e\000\040\000f\000r\000a\000i\000s}{subsection.13.3.3}% 344
\BOOKMARK [3][-]{subsubsection.13.3.3.3}{\376\377\000D\000i\000a\000g\000r\000a\000m\000m\000e\000\040\000d\000e\000\040\000d\000\351\000p\000l\000o\000i\000e\000m\000e\000n\000t\000\040\000-\000\040\000D\000o\000c\000k\000e\000r\000i\000s\000a\000t\000i\000o\000n}{subsection.13.3.3}% 345
\BOOKMARK [2][-]{subsection.13.3.4}{\376\377\000D\000i\000a\000g\000r\000a\000m\000m\000e\000\040\000d\000e\000\040\000c\000l\000a\000s\000s\000e\000s\000\040\000d\000u\000\040\000s\000p\000r\000i\000n\000t\000\040\0003}{section.13.3}% 346
\BOOKMARK [1][-]{section.13.4}{\376\377\000I\000n\000t\000e\000r\000f\000a\000c\000e\000s\000\040\000d\000\351\000v\000e\000l\000o\000p\000p\000\351\000e\000s}{chapter.13}% 347
\BOOKMARK [2][-]{subsection.13.4.1}{\376\377\000L\000i\000s\000t\000e\000\040\000d\000e\000s\000\040\000n\000o\000t\000e\000s\000\040\000v\000a\000l\000i\000d\000\351\000e\000s\000\040\000\050\000p\000a\000g\000e\000\040\000a\000d\000m\000i\000n\000i\000s\000t\000r\000a\000t\000e\000u\000r\000\051}{section.13.4}% 348
\BOOKMARK [2][-]{subsection.13.4.2}{\376\377\000F\000o\000r\000m\000u\000l\000a\000i\000r\000e\000\040\000d\000e\000\040\000r\000e\000m\000b\000o\000u\000r\000s\000e\000m\000e\000n\000t\000\040\000\050\000a\000d\000m\000i\000n\000i\000s\000t\000r\000a\000t\000e\000u\000r\000\051}{section.13.4}% 349
\BOOKMARK [2][-]{subsection.13.4.3}{\376\377\000P\000a\000g\000e\000\040\000d\000e\000s\000\040\000o\000r\000d\000r\000e\000s\000\040\000d\000e\000\040\000p\000a\000i\000e\000m\000e\000n\000t\000\040\000e\000n\000\040\000a\000t\000t\000e\000n\000t\000e}{section.13.4}% 350
\BOOKMARK [2][-]{subsection.13.4.4}{\376\377\000P\000a\000g\000e\000\040\000d\000e\000\040\000d\000\351\000t\000a\000i\000l\000\040\000d\040\031\000u\000n\000\040\000o\000r\000d\000r\000e\000\040\000d\000e\000\040\000p\000a\000i\000e\000m\000e\000n\000t}{section.13.4}% 351
\BOOKMARK [2][-]{subsection.13.4.5}{\376\377\000M\000o\000d\000a\000l\000\040\000d\000e\000\040\000c\000o\000n\000f\000i\000r\000m\000a\000t\000i\000o\000n\000\040\000d\000e\000\040\000p\000a\000i\000e\000m\000e\000n\000t}{section.13.4}% 352
\BOOKMARK [2][-]{subsection.13.4.6}{\376\377\000M\000o\000d\000a\000l\000\040\000d\000e\000\040\000c\000o\000n\000f\000i\000r\000m\000a\000t\000i\000o\000n\000\040\000d\000e\000\040\000r\000e\000f\000u\000s\000\040\000d\000e\000\040\000r\000e\000m\000b\000o\000u\000r\000s\000e\000m\000e\000n\000t}{section.13.4}% 353
\BOOKMARK [2][-]{subsection.13.4.7}{\376\377\000P\000a\000g\000e\000\040\000d\040\031\000a\000r\000c\000h\000i\000v\000e\000\040\000a\000d\000m\000i\000n\000i\000s\000t\000r\000a\000t\000i\000v\000e}{section.13.4}% 354
\BOOKMARK [2][-]{subsection.13.4.8}{\376\377\000N\000o\000t\000e\000s\000\040\000i\000n\000t\000e\000r\000n\000e\000s\000\040\000\050\000m\000a\000n\000a\000g\000e\000r\000\040\000e\000t\000\040\000a\000d\000m\000i\000n\000i\000s\000t\000r\000a\000t\000e\000u\000r\000\051}{section.13.4}% 355
\BOOKMARK [2][-]{subsection.13.4.9}{\376\377\000D\000a\000s\000h\000b\000o\000a\000r\000d\000\040\000p\000r\000o\000j\000e\000t\000s\000\040\000a\000d\000m\000i\000n\000i\000s\000t\000r\000a\000t\000e\000u\000r}{section.13.4}% 356
\BOOKMARK [2][-]{subsection.13.4.10}{\376\377\000E\000x\000p\000o\000r\000t\000\040\000E\000x\000c\000e\000l\000/\000C\000S\000V}{section.13.4}% 357
\BOOKMARK [1][-]{section.13.5}{\376\377\000D\000\351\000p\000l\000o\000i\000e\000m\000e\000n\000t\000\040\000a\000v\000e\000c\000\040\000D\000o\000c\000k\000e\000r}{chapter.13}% 358
\BOOKMARK [2][-]{subsection.13.5.1}{\376\377\000A\000v\000a\000n\000t\000a\000g\000e\000s}{section.13.5}% 359
\BOOKMARK [2][-]{subsection.13.5.2}{\376\377\000C\000a\000p\000t\000u\000r\000e\000s\000\040\000d\000'\000\351\000c\000r\000a\000n}{section.13.5}% 360
\BOOKMARK [1][-]{section*.366}{\376\377\000C\000o\000n\000c\000l\000u\000s\000i\000o\000n}{chapter.13}% 361
\BOOKMARK [0][-]{chapter.14}{\376\377\000S\000p\000r\000i\000n\000t\000\040\0004\000\040\040\023\000\040\000D\000\351\000t\000e\000c\000t\000i\000o\000n\000\040\000d\000e\000s\000\040\000a\000n\000o\000m\000a\000l\000i\000e\000s\000\040\000e\000t\000\040\000D\000a\000s\000h\000b\000o\000a\000r\000d\000s}{}% 362
\BOOKMARK [1][-]{section*.367}{\376\377\000I\000n\000t\000r\000o\000d\000u\000c\000t\000i\000o\000n}{chapter.14}% 363
\BOOKMARK [1][-]{section.14.1}{\376\377\000O\000b\000j\000e\000c\000t\000i\000f\000\040\000d\000u\000\040\000s\000p\000r\000i\000n\000t}{chapter.14}% 364
\BOOKMARK [1][-]{section.14.2}{\376\377\000B\000a\000c\000k\000l\000o\000g\000\040\000d\000u\000\040\000s\000p\000r\000i\000n\000t\000\040\0004}{chapter.14}% 365
\BOOKMARK [1][-]{section.14.3}{\376\377\000A\000n\000a\000l\000y\000s\000e}{chapter.14}% 366
\BOOKMARK [2][-]{subsection.14.3.1}{\376\377\000D\000i\000a\000g\000r\000a\000m\000m\000e\000\040\000d\000e\000s\000\040\000c\000a\000s\000\040\000d\000'\000u\000t\000i\000l\000i\000s\000a\000t\000i\000o\000n}{section.14.3}% 367
\BOOKMARK [2][-]{subsection.14.3.2}{\376\377\000D\000e\000s\000c\000r\000i\000p\000t\000i\000o\000n\000\040\000t\000e\000x\000t\000u\000e\000l\000l\000e\000\040\000d\000e\000s\000\040\000c\000a\000s\000\040\000d\000'\000u\000t\000i\000l\000i\000s\000a\000t\000i\000o\000n}{section.14.3}% 368
\BOOKMARK [1][-]{section.14.4}{\376\377\000S\000y\000s\000t\000\350\000m\000e\000\040\000d\000e\000\040\000D\000\351\000t\000e\000c\000t\000i\000o\000n\000\040\000d\000e\000s\000\040\000a\000n\000o\000m\000a\000l\000i\000e\000s}{chapter.14}% 369
\BOOKMARK [2][-]{subsection.14.4.1}{\376\377\000A\000r\000c\000h\000i\000t\000e\000c\000t\000u\000r\000e\000\040\000g\000l\000o\000b\000a\000l\000e\000\040\000d\000e\000s\000\040\000d\000\351\000t\000e\000c\000t\000i\000o\000n\000s\000\040\000I\000A}{section.14.4}% 370
\BOOKMARK [2][-]{subsection.14.4.2}{\376\377\000C\000y\000c\000l\000e\000\040\000d\000e\000\040\000v\000i\000e\000\040\000d\000'\000u\000n\000e\000\040\000n\000o\000t\000e\000\040\000d\000e\000\040\000f\000r\000a\000i\000s\000\040\000a\000v\000e\000c\000\040\000l\000e\000s\000\040\000c\000o\000n\000t\000r\000\364\000l\000e\000s\000\040\000a\000u\000t\000o\000m\000a\000t\000i\000q\000u\000e\000s}{section.14.4}% 371
\BOOKMARK [2][-]{subsection.14.4.3}{\376\377\000D\000i\000a\000g\000r\000a\000m\000m\000e\000\040\000d\000e\000\040\000c\000l\000a\000s\000s\000e\000s}{section.14.4}% 372
\BOOKMARK [2][-]{subsection.14.4.4}{\376\377\000D\000i\000a\000g\000r\000a\000m\000m\000e\000\040\000d\000e\000\040\000d\000\351\000p\000l\000o\000i\000e\000m\000e\000n\000t}{section.14.4}% 373
\BOOKMARK [2][-]{subsection.14.4.5}{\376\377\000P\000o\000u\000r\000q\000u\000o\000i\000\040\000C\000R\000I\000S\000P\000-\000D\000M\000\040\000?}{section.14.4}% 374
\BOOKMARK [2][-]{subsection.14.4.6}{\376\377\000C\000o\000m\000p\000r\000\351\000h\000e\000n\000s\000i\000o\000n\000\040\000d\000u\000\040\000m\000\351\000t\000i\000e\000r}{section.14.4}% 375
\BOOKMARK [2][-]{subsection.14.4.7}{\376\377\000C\000o\000m\000p\000r\000\351\000h\000e\000n\000s\000i\000o\000n\000\040\000d\000e\000s\000\040\000d\000o\000n\000n\000\351\000e\000s}{section.14.4}% 376
\BOOKMARK [3][-]{subsubsection.14.4.7.1}{\376\377\000C\000o\000l\000l\000e\000c\000t\000e\000\040\000d\000e\000s\000\040\000d\000o\000n\000n\000\351\000e\000s}{subsection.14.4.7}% 377
\BOOKMARK [3][-]{subsubsection.14.4.7.2}{\376\377\000E\000x\000p\000l\000o\000r\000a\000t\000i\000o\000n\000\040\000d\000e\000s\000\040\000d\000o\000n\000n\000\351\000e\000s}{subsection.14.4.7}% 378
\BOOKMARK [2][-]{subsection.14.4.8}{\376\377\000P\000r\000\351\000p\000a\000r\000a\000t\000i\000o\000n\000\040\000d\000e\000s\000\040\000d\000o\000n\000n\000\351\000e\000s}{section.14.4}% 379
\BOOKMARK [3][-]{subsubsection.14.4.8.1}{\376\377\000C\000h\000a\000r\000g\000e\000m\000e\000n\000t\000\040\000d\000e\000s\000\040\000d\000o\000n\000n\000\351\000e\000s}{subsection.14.4.8}% 380
\BOOKMARK [3][-]{subsubsection.14.4.8.2}{\376\377\000N\000e\000t\000t\000o\000y\000a\000g\000e\000\040\000e\000t\000\040\000n\000o\000r\000m\000a\000l\000i\000s\000a\000t\000i\000o\000n\000\040\000d\000e\000s\000\040\000d\000o\000n\000n\000\351\000e\000s}{subsection.14.4.8}% 381
\BOOKMARK [3][-]{subsubsection.14.4.8.3}{\376\377\000I\000n\000d\000e\000x\000a\000t\000i\000o\000n\000\040\000F\000A\000I\000S\000S\000\040\000p\000o\000u\000r\000\040\000l\000a\000\040\000d\000\351\000t\000e\000c\000t\000i\000o\000n\000\040\000d\000e\000\040\000d\000o\000u\000b\000l\000o\000n\000s}{subsection.14.4.8}% 382
\BOOKMARK [3][-]{subsubsection.14.4.8.4}{\376\377\000C\000o\000n\000s\000t\000r\000u\000c\000t\000i\000o\000n\000\040\000d\000e\000\040\000l\000'\000h\000i\000s\000t\000o\000r\000i\000q\000u\000e\000\040\000d\000e\000s\000\040\000m\000o\000n\000t\000a\000n\000t\000s}{subsection.14.4.8}% 383
\BOOKMARK [3][-]{subsubsection.14.4.8.5}{\376\377\000E\000x\000t\000r\000a\000c\000t\000i\000o\000n\000\040\000s\000t\000r\000u\000c\000t\000u\000r\000\351\000e\000\040\000d\000e\000s\000\040\000a\000c\000c\000o\000r\000d\000s\000\040\000d\000e\000\040\000m\000i\000s\000s\000i\000o\000n}{subsection.14.4.8}% 384
\BOOKMARK [3][-]{subsubsection.14.4.8.6}{\376\377\000A\000l\000i\000g\000n\000e\000m\000e\000n\000t\000\040\000d\000e\000s\000\040\000d\000o\000n\000n\000\351\000e\000s\000\040\000p\000o\000u\000r\000\040\000l\000a\000\040\000c\000o\000m\000p\000a\000r\000a\000i\000s\000o\000n}{subsection.14.4.8}% 385
\BOOKMARK [2][-]{subsection.14.4.9}{\376\377\000M\000o\000d\000\351\000l\000i\000s\000a\000t\000i\000o\000n}{section.14.4}% 386
\BOOKMARK [3][-]{subsubsection.14.4.9.1}{\376\377\000D\000\351\000f\000i\000n\000i\000t\000i\000o\000n\000s\000\040\000d\000e\000s\000\040\000t\000e\000c\000h\000n\000o\000l\000o\000g\000i\000e\000s\000\040\000d\000'\000I\000A\000\040\000u\000t\000i\000l\000i\000s\000\351\000e\000s}{subsection.14.4.9}% 387
\BOOKMARK [3][-]{subsubsection.14.4.9.2}{\376\377\000M\000o\000d\000\350\000l\000e\000s\000\040\000t\000e\000s\000t\000\351\000s\000\040\000p\000o\000u\000r\000\040\000l\000a\000\040\000d\000\351\000t\000e\000c\000t\000i\000o\000n\000\040\000d\000e\000s\000\040\000a\000n\000o\000m\000a\000l\000i\000e\000s}{subsection.14.4.9}% 388
\BOOKMARK [3][-]{subsubsection.14.4.9.3}{\376\377\000A\000j\000u\000s\000t\000e\000m\000e\000n\000t\000s\000\040\000p\000o\000s\000t\000-\000\351\000v\000a\000l\000u\000a\000t\000i\000o\000n\000\040\000\050\000a\000m\000\351\000l\000i\000o\000r\000a\000t\000i\000o\000n\000s\000\051}{subsection.14.4.9}% 389
\BOOKMARK [2][-]{subsection.14.4.10}{\376\377\000D\000\351\000p\000l\000o\000i\000e\000m\000e\000n\000t}{section.14.4}% 390
\BOOKMARK [3][-]{subsubsection.14.4.10.1}{\376\377\000A\000r\000c\000h\000i\000t\000e\000c\000t\000u\000r\000e\000\040\000g\000l\000o\000b\000a\000l\000e\000\040\000d\000e\000\040\000d\000\351\000p\000l\000o\000i\000e\000m\000e\000n\000t}{subsection.14.4.10}% 391
\BOOKMARK [3][-]{subsubsection.14.4.10.2}{\376\377\000S\000a\000u\000v\000e\000g\000a\000r\000d\000e\000\040\000d\000e\000s\000\040\000m\000o\000d\000\350\000l\000e\000s}{subsection.14.4.10}% 392
\BOOKMARK [3][-]{subsubsection.14.4.10.3}{\376\377\000I\000n\000t\000\351\000g\000r\000a\000t\000i\000o\000n\000\040\000d\000a\000n\000s\000\040\000l\000'\000i\000n\000t\000e\000r\000f\000a\000c\000e\000\040\000w\000e\000b}{subsection.14.4.10}% 393
\BOOKMARK [3][-]{subsubsection.14.4.10.4}{\376\377\000C\000o\000n\000c\000l\000u\000s\000i\000o\000n\000\040\000d\000u\000\040\000d\000\351\000p\000l\000o\000i\000e\000m\000e\000n\000t}{subsection.14.4.10}% 394
\BOOKMARK [1][-]{section.14.5}{\376\377\000C\000h\000a\000t\000b\000o\000t\000\040\000h\000y\000b\000r\000i\000d\000e}{chapter.14}% 395
\BOOKMARK [2][-]{subsection.14.5.1}{\376\377\000M\000o\000d\000\350\000l\000e\000\040\000d\000e\000\040\000l\000a\000n\000g\000a\000g\000e\000\040\000u\000t\000i\000l\000i\000s\000\351}{section.14.5}% 396
\BOOKMARK [2][-]{subsection.14.5.2}{\376\377\000A\000r\000c\000h\000i\000t\000e\000c\000t\000u\000r\000e\000\040\000h\000y\000b\000r\000i\000d\000e}{section.14.5}% 397
\BOOKMARK [2][-]{subsection.14.5.3}{\376\377\000S\000t\000r\000u\000c\000t\000u\000r\000e\000\040\000d\000u\000\040\000p\000r\000o\000m\000p\000t\000\040\000p\000o\000u\000r\000\040\000l\000e\000\040\000L\000L\000M}{section.14.5}% 398
\BOOKMARK [2][-]{subsection.14.5.4}{\376\377\000G\000e\000s\000t\000i\000o\000n\000\040\000d\000u\000\040\000c\000o\000n\000t\000e\000x\000t\000e\000\040\000d\000e\000\040\000s\000e\000s\000s\000i\000o\000n}{section.14.5}% 399
\BOOKMARK [2][-]{subsection.14.5.5}{\376\377\000R\000o\000u\000t\000a\000g\000e\000\040\000d\000e\000s\000\040\000q\000u\000e\000s\000t\000i\000o\000n\000s}{section.14.5}% 400
\BOOKMARK [1][-]{section.14.6}{\376\377\000T\000a\000b\000l\000e\000a\000u\000x\000\040\000d\000e\000\040\000b\000o\000r\000d}{chapter.14}% 401
\BOOKMARK [2][-]{subsection.14.6.1}{\376\377\000T\000a\000b\000l\000e\000a\000u\000\040\000d\000e\000\040\000b\000o\000r\000d\000\040\000e\000m\000p\000l\000o\000y\000\351}{section.14.6}% 402
\BOOKMARK [2][-]{subsection.14.6.2}{\376\377\000T\000a\000b\000l\000e\000a\000u\000\040\000d\000e\000\040\000b\000o\000r\000d\000\040\000m\000a\000n\000a\000g\000e\000r}{section.14.6}% 403
\BOOKMARK [2][-]{subsection.14.6.3}{\376\377\000T\000a\000b\000l\000e\000a\000u\000\040\000d\000e\000\040\000b\000o\000r\000d\000\040\000a\000d\000m\000i\000n\000i\000s\000t\000r\000a\000t\000e\000u\000r}{section.14.6}% 404
\BOOKMARK [1][-]{section.14.7}{\376\377\000C\000o\000n\000c\000l\000u\000s\000i\000o\000n}{chapter.14}% 405
\BOOKMARK [0][-]{chapter*.431}{\376\377\000C\000o\000n\000c\000l\000u\000s\000i\000o\000n\000\040\000G\000\351\000n\000\351\000r\000a\000l\000e}{}% 406
